TAP version 13
# Subtest: real AAF signature authorizes the exact bounded challenge through the external public key
ok 1 - real AAF signature authorizes the exact bounded challenge through the external public key
  ---
  duration_ms: 12.1191
  type: 'test'
  ...
# Subtest: unsigned, cryptographically tampered, or incorrectly rooted approvals fail
ok 2 - unsigned, cryptographically tampered, or incorrectly rooted approvals fail
  ---
  duration_ms: 2.4071
  type: 'test'
  ...
# Subtest: replacement keys cannot satisfy the pin even with a valid signature
ok 3 - replacement keys cannot satisfy the pin even with a valid signature
  ---
  duration_ms: 1.3434
  type: 'test'
  ...
# Subtest: key revocation metadata must be explicit false and cannot carry inline private material
ok 4 - key revocation metadata must be explicit false and cannot carry inline private material
  ---
  duration_ms: 1.4121
  type: 'test'
  ...
# Subtest: challenge, signer, and approver bindings are independent hard gates
ok 5 - challenge, signer, and approver bindings are independent hard gates
  ---
  duration_ms: 1.4542
  type: 'test'
  ...
# Subtest: scope and role profiles reject wildcards, extra roles, and conditions
ok 6 - scope and role profiles reject wildcards, extra roles, and conditions
  ---
  duration_ms: 2.7841
  type: 'test'
  ...
# Subtest: time windows reject future, expired, overlong, invalid and noncanonical timestamps
ok 7 - time windows reject future, expired, overlong, invalid and noncanonical timestamps
  ---
  duration_ms: 3.598
  type: 'test'
  ...
# Subtest: historical authorization can be verified at its admission time but cannot renew current authority
ok 8 - historical authorization can be verified at its admission time but cannot renew current authority
  ---
  duration_ms: 0.9177
  type: 'test'
  ...
# Subtest: approval shape rejects inline keys, extra fields, accessors, and prototype fields
ok 9 - approval shape rejects inline keys, extra fields, accessors, and prototype fields
  ---
  duration_ms: 1.3812
  type: 'test'
  ...
# Subtest: canonical signature encoding rejects extra bytes, whitespace, and altered algorithm
ok 10 - canonical signature encoding rejects extra bytes, whitespace, and altered algorithm
  ---
  duration_ms: 1.2114
  type: 'test'
  ...
# Subtest: policy validation rejects root drift, wildcard policy, public keys, and non-Ed25519 keys
ok 11 - policy validation rejects root drift, wildcard policy, public keys, and non-Ed25519 keys
  ---
  duration_ms: 2.0701
  type: 'test'
  ...
# Subtest: external keyring entry accessors are rejected without evaluation
ok 12 - external keyring entry accessors are rejected without evaluation
  ---
  duration_ms: 0.8198
  type: 'test'
  ...
# Subtest: vendored AAF bytes match the recorded git HEAD provenance hashes
ok 13 - vendored AAF bytes match the recorded git HEAD provenance hashes
  ---
  duration_ms: 1.0979
  type: 'test'
  ...
# Subtest: authenticated network rejects mutated transaction facts before any provider execution
ok 14 - authenticated network rejects mutated transaction facts before any provider execution
  ---
  duration_ms: 1105.2621
  type: 'test'
  ...
# Subtest: concurrent exact retry executes once; changed request content cannot replay
ok 15 - concurrent exact retry executes once; changed request content cannot replay
  ---
  duration_ms: 718.6998
  type: 'test'
  ...
# Subtest: receipt mutation and durable ledger tampering cannot become verified evidence
ok 16 - receipt mutation and durable ledger tampering cannot become verified evidence
  ---
  duration_ms: 770.2146
  type: 'test'
  ...
# Subtest: bounded path selection applies cost, region, latency and energy together
ok 17 - bounded path selection applies cost, region, latency and energy together
  ---
  duration_ms: 1.1577
  type: 'test'
  ...
# Subtest: deterministic malformed wire corpus rejects framing errors
ok 18 - deterministic malformed wire corpus rejects framing errors
  ---
  duration_ms: 2.0565
  type: 'test'
  ...
# Subtest: integrated RCL migration rejects a changed subject before issuing a replacement
ok 19 - integrated RCL migration rejects a changed subject before issuing a replacement
  ---
  duration_ms: 1063.433
  type: 'test'
  ...
# Subtest: integrated RCL route gate enforces signed latency and energy budgets from trusted edges
ok 20 - integrated RCL route gate enforces signed latency and energy budgets from trusted edges
  ---
  duration_ms: 739.0361
  type: 'test'
  ...
# Subtest: an ambiguous lost response reconciles the exact signed request without a second execution
ok 21 - an ambiguous lost response reconciles the exact signed request without a second execution
  ---
  duration_ms: 815.9965
  type: 'test'
  ...
# Subtest: operator CLI imports an independently signed AAF approval and preserves the old revoked lease
ok 22 - operator CLI imports an independently signed AAF approval and preserves the old revoked lease
  ---
  duration_ms: 11921.907
  type: 'test'
  ...
# Subtest: external operator pin is immutable and persisted as a fingerprint without the external keyring or private signer
ok 23 - external operator pin is immutable and persisted as a fingerprint without the external keyring or private signer
  ---
  duration_ms: 7914.6099
  type: 'test'
  ...
# Subtest: pinned operator requires a signed approval and the matching currently unrevoked external key before any revocation
ok 24 - pinned operator requires a signed approval and the matching currently unrevoked external key before any revocation
  ---
  duration_ms: 5329.7678
  type: 'test'
  ...
# Subtest: valid external signatures for another challenge, signer identity, scope or expired interval grant no retirement
ok 25 - valid external signatures for another challenge, signer identity, scope or expired interval grant no retirement
  ---
  duration_ms: 4907.3799
  type: 'test'
  ...
# Subtest: operator revocation after actual node acknowledgements is rechecked and cannot commit a terminal
ok 26 - operator revocation after actual node acknowledgements is rechecked and cannot commit a terminal
  ---
  duration_ms: 6141.3786
  type: 'test'
  ...
# Subtest: approval expiry while waiting for real node acknowledgements retains pending and produces no terminal
ok 27 - approval expiry while waiting for real node acknowledgements retains pending and produces no terminal
  ---
  duration_ms: 9985.1807
  type: 'test'
  ...
# Subtest: authenticated checkpoint cannot drop or replace an operator pin already recorded in the signed ledger
ok 28 - authenticated checkpoint cannot drop or replace an operator pin already recorded in the signed ledger
  ---
  duration_ms: 9079.8692
  type: 'test'
  ...
# Subtest: actual coordinator crash finalizes a historical approval after expiry while requiring its external nonrevoked key
ok 29 - actual coordinator crash finalizes a historical approval after expiry while requiring its external nonrevoked key
  ---
  duration_ms: 20077.2455
  type: 'test'
  ...
# Subtest: a coordinator-signed terminal cannot forge external approval or recorded authorization evidence
ok 30 - a coordinator-signed terminal cannot forge external approval or recorded authorization evidence
  ---
  duration_ms: 14006.4209
  type: 'test'
  ...
# Subtest: real upstream OPP preserves Unicode and returns non-authoritative exact contract
ok 31 - real upstream OPP preserves Unicode and returns non-authoritative exact contract
  ---
  duration_ms: 360.5784
  type: 'test'
  ...
# Subtest: upstream rejects schema drift and intersects scopes without granting authority
ok 32 - upstream rejects schema drift and intersects scopes without granting authority
  ---
  duration_ms: 383.3979
  type: 'test'
  ...
# Subtest: profile version mismatch fails before contract use
ok 33 - profile version mismatch fails before contract use
  ---
  duration_ms: 387.0645
  type: 'test'
  ...
# Subtest: missing required schema fails closed
ok 34 - missing required schema fails closed
  ---
  duration_ms: 354.8108
  type: 'test'
  ...
# Subtest: pending CLI: inspect then retire unsent pending without resending
ok 35 - pending CLI: inspect then retire unsent pending without resending
  ---
  duration_ms: 11366.935
  type: 'test'
  ...
# Subtest: pending CLI: retrieve executed receipt without resending
ok 36 - pending CLI: retrieve executed receipt without resending
  ---
  duration_ms: 8476.2583
  type: 'test'
  ...
# Subtest: pending inspector is offline, nonmutating, redacted and refuses missing state without creating it
ok 37 - pending inspector is offline, nonmutating, redacted and refuses missing state without creating it
  ---
  duration_ms: 5212.7376
  type: 'test'
  ...
# Subtest: maintenance denies direct execution and service restart cannot activate a provider
ok 38 - maintenance denies direct execution and service restart cannot activate a provider
  ---
  duration_ms: 5725.6097
  type: 'test'
  ...
# Subtest: retirement root and explicit confirmation fail before any durable mutation
ok 39 - retirement root and explicit confirmation fail before any durable mutation
  ---
  duration_ms: 4448.3121
  type: 'test'
  ...
# Subtest: authenticated pending state binds its public root, target and whole route even when the route root is unchanged
ok 40 - authenticated pending state binds its public root, target and whole route even when the route root is unchanged
  ---
  duration_ms: 6652.4152
  type: 'test'
  ...
# Subtest: retirement missing one live acknowledgement preserves pending and resumes only with full revocation evidence
ok 41 - retirement missing one live acknowledgement preserves pending and resumes only with full revocation evidence
  ---
  duration_ms: 7675.1642
  type: 'test'
  ...
# Subtest: actual coordinator death after retirement prefix commit recovers without execution or lease renewal
ok 42 - actual coordinator death after retirement prefix commit recovers without execution or lease renewal
  ---
  duration_ms: 10689.5111
  type: 'test'
  ...
# Subtest: actual coordinator death after retirement suffix commit recovers without execution or lease renewal
ok 43 - actual coordinator death after retirement suffix commit recovers without execution or lease renewal
  ---
  duration_ms: 11145.484
  type: 'test'
  ...
# Subtest: authority-signed terminal does not excuse missing node evidence, wrong epoch or fake RCL admission
ok 44 - authority-signed terminal does not excuse missing node evidence, wrong epoch or fake RCL admission
  ---
  duration_ms: 17267.9433
  type: 'test'
  ...
# Subtest: udp: Chinese life intent executes through three independent local processes and two socket hops
ok 45 - udp: Chinese life intent executes through three independent local processes and two socket hops
  ---
  duration_ms: 924.9679
  type: 'test'
  ...
# Local process/socket evidence: C:\\Users\\User\\.codex\\.chatgpt-projects\\g-p-6a437af98cc08191af8185180f66b55e\\work\\TaoWind-Next-Internet\\.runs\\profiles\\run-MRbjmK
# Subtest: tcp: Chinese life intent executes through three independent local processes and two socket hops
ok 46 - tcp: Chinese life intent executes through three independent local processes and two socket hops
  ---
  duration_ms: 885.6642
  type: 'test'
  ...
# Local process/socket evidence: C:\\Users\\User\\.codex\\.chatgpt-projects\\g-p-6a437af98cc08191af8185180f66b55e\\work\\TaoWind-Next-Internet\\.runs\\profiles\\run-4NMbK9
# Subtest: commercial: contract-identical provider replacement executes; semantic drift rolls back; missing provider migrates to B
ok 47 - commercial: contract-identical provider replacement executes; semantic drift rolls back; missing provider migrates to B
  ---
  duration_ms: 2410.335
  type: 'test'
  ...
# Local process/socket evidence: C:\\Users\\User\\.codex\\.chatgpt-projects\\g-p-6a437af98cc08191af8185180f66b55e\\work\\TaoWind-Next-Internet\\.runs\\profiles\\run-CkOl8S
# Subtest: degraded: killing relay B causes authenticated direct A-C execution without authority or evidence loss
ok 48 - degraded: killing relay B causes authenticated direct A-C execution without authority or evidence loss
  ---
  duration_ms: 1850.5663
  type: 'test'
  ...
# Local process/socket evidence: C:\\Users\\User\\.codex\\.chatgpt-projects\\g-p-6a437af98cc08191af8185180f66b55e\\work\\TaoWind-Next-Internet\\.runs\\profiles\\run-6nmAJx
# Subtest: partition: actual links blocked on both sides preserve local isolated capability without remote execution
ok 49 - partition: actual links blocked on both sides preserve local isolated capability without remote execution
  ---
  duration_ms: 1157.8508
  type: 'test'
  ...
# Local process/socket evidence: C:\\Users\\User\\.codex\\.chatgpt-projects\\g-p-6a437af98cc08191af8185180f66b55e\\work\\TaoWind-Next-Internet\\.runs\\profiles\\run-qNFZVo
# Subtest: degraded: a real link failure with B still alive reroutes socket traffic over A-C
ok 50 - degraded: a real link failure with B still alive reroutes socket traffic over A-C
  ---
  duration_ms: 734.623
  type: 'test'
  ...
# Local process/socket evidence: C:\\Users\\User\\.codex\\.chatgpt-projects\\g-p-6a437af98cc08191af8185180f66b55e\\work\\TaoWind-Next-Internet\\.runs\\profiles\\run-chV6Iw
# Subtest: survival: every provider disappears; no execution is fabricated and identity/session/durable prefix survive
ok 51 - survival: every provider disappears; no execution is fabricated and identity/session/durable prefix survive
  ---
  duration_ms: 715.6937
  type: 'test'
  ...
# Local process/socket evidence: C:\\Users\\User\\.codex\\.chatgpt-projects\\g-p-6a437af98cc08191af8185180f66b55e\\work\\TaoWind-Next-Internet\\.runs\\profiles\\run-8Xy9Ep
# Subtest: commercial: source migration A to B preserves subject, session, authority and a verifiable durable evidence chain
ok 52 - commercial: source migration A to B preserves subject, session, authority and a verifiable durable evidence chain
  ---
  duration_ms: 1007.6967
  type: 'test'
  ...
# Local process/socket evidence: C:\\Users\\User\\.codex\\.chatgpt-projects\\g-p-6a437af98cc08191af8185180f66b55e\\work\\TaoWind-Next-Internet\\.runs\\profiles\\run-mMZFeH
# Subtest: commercial: protocol downgrade is negotiated and an unsupported provider version fails over without invoking it
ok 53 - commercial: protocol downgrade is negotiated and an unsupported provider version fails over without invoking it
  ---
  duration_ms: 1019.3406
  type: 'test'
  ...
# Local process/socket evidence: C:\\Users\\User\\.codex\\.chatgpt-projects\\g-p-6a437af98cc08191af8185180f66b55e\\work\\TaoWind-Next-Internet\\.runs\\profiles\\run-1M3VUM
# Subtest: degraded: actual socket send throttling delays bytes while the same guarded operation still executes
ok 54 - degraded: actual socket send throttling delays bytes while the same guarded operation still executes
  ---
  duration_ms: 1997.0122
  type: 'test'
  ...
# Local process/socket evidence: C:\\Users\\User\\.codex\\.chatgpt-projects\\g-p-6a437af98cc08191af8185180f66b55e\\work\\TaoWind-Next-Internet\\.runs\\profiles\\run-0xvOpM
# {"profile":"actual-throttled-local-udp","sentBytes":16054,"bytesPerSecond":16000,"elapsedMs":1404.7160000000003,"nominalDelayMs":1003.375,"probeBytes":4916,"probeElapsedMs":347.90710000000036,"probeNominalMs":307.25}
# Subtest: protected storage rejects missing purpose and unsupported platforms
ok 55 - protected storage rejects missing purpose and unsupported platforms
  ---
  duration_ms: 1.0486
  type: 'test'
  ...
# Subtest: actual current-user DPAPI roundtrip protects Ed25519 private keys on disk
ok 56 - actual current-user DPAPI roundtrip protects Ed25519 private keys on disk
  ---
  duration_ms: 380.3344
  type: 'test'
  ...
# Subtest: DPAPI purpose binding rejects a different state domain without changing ciphertext
ok 57 - DPAPI purpose binding rejects a different state domain without changing ciphertext
  ---
  duration_ms: 531.8127
  type: 'test'
  ...
# Subtest: corrupted header, ciphertext and truncation all fail closed
ok 58 - corrupted header, ciphertext and truncation all fail closed
  ---
  duration_ms: 205.3402
  type: 'test'
  ...
# Subtest: atomic snapshot overwrite retains latest state and leaves no temporary files
ok 59 - atomic snapshot overwrite retains latest state and leaves no temporary files
  ---
  duration_ms: 611.3985
  type: 'test'
  ...
# Subtest: DPAPI rejects modified protected content even when the outer checksum is recomputed
ok 60 - DPAPI rejects modified protected content even when the outer checksum is recomputed
  ---
  duration_ms: 431.9909
  type: 'test'
  ...
# Subtest: unavailable provider preserves last snapshot and never writes a plaintext fallback
ok 61 - unavailable provider preserves last snapshot and never writes a plaintext fallback
  ---
  duration_ms: 402.4926
  type: 'test'
  ...
# Subtest: a fresh Node process recovers the same protected private key and session
ok 62 - a fresh Node process recovers the same protected private key and session
  ---
  duration_ms: 498.3163
  type: 'test'
  ...
# Subtest: invalid JSON payload inputs do not overwrite a healthy snapshot
ok 63 - invalid JSON payload inputs do not overwrite a healthy snapshot
  ---
  duration_ms: 386.4831
  type: 'test'
  ...
# Subtest: fixed RCL source compiles and admits authenticated matching observations
ok 64 - fixed RCL source compiles and admits authenticated matching observations
  ---
  duration_ms: 25.0843
  type: 'test'
  ...
# Subtest: each semantic predicate independently denies in RCL
ok 65 - each semantic predicate independently denies in RCL
  ---
  duration_ms: 27.1814
  type: 'test'
  ...
# Subtest: missing, malformed, accessor and injection inputs fail closed without compilation
ok 66 - missing, malformed, accessor and injection inputs fail closed without compilation
  ---
  duration_ms: 3.2176
  type: 'test'
  ...
# Subtest: facts are snapshotted before asynchronous execution and requests stay isolated
ok 67 - facts are snapshotted before asynchronous execution and requests stay isolated
  ---
  duration_ms: 30.4832
  type: 'test'
  ...
# Subtest: RCL admits scope attenuation, equal expiry and scope order independence
ok 68 - RCL admits scope attenuation, equal expiry and scope order independence
  ---
  duration_ms: 22.8489
  type: 'test'
  ...
# Subtest: identity, continuity, world, expiry and scope expansion are independently denied in RCL
ok 69 - identity, continuity, world, expiry and scope expansion are independently denied in RCL
  ---
  duration_ms: 4.4113
  type: 'test'
  ...
# Subtest: missing fields, invalid timestamps and malformed scope sets fail closed
ok 70 - missing fields, invalid timestamps and malformed scope sets fail closed
  ---
  duration_ms: 0.4875
  type: 'test'
  ...
# Subtest: scope snapshots and concurrent migration decisions remain isolated
ok 71 - scope snapshots and concurrent migration decisions remain isolated
  ---
  duration_ms: 6.9902
  type: 'test'
  ...
# Subtest: fixed RCL pending retirement compiles and records actual runtime admission
ok 72 - fixed RCL pending retirement compiles and records actual runtime admission
  ---
  duration_ms: 16.3221
  type: 'test'
  ...
# Subtest: RCL independently denies every false predicate and mismatched root in the complete truth table
ok 73 - RCL independently denies every false predicate and mismatched root in the complete truth table
  ---
  duration_ms: 15.5733
  type: 'test'
  ...
# Subtest: pending retirement observations reject missing, extra, inherited, accessor and malformed fields
ok 74 - pending retirement observations reject missing, extra, inherited, accessor and malformed fields
  ---
  duration_ms: 2.1519
  type: 'test'
  ...
# Subtest: request root binding is exact and does not silently normalize valid hexadecimal strings
ok 75 - request root binding is exact and does not silently normalize valid hexadecimal strings
  ---
  duration_ms: 2.4892
  type: 'test'
  ...
# Subtest: pending retirement input snapshots remain isolated across mutations and concurrent calls
ok 76 - pending retirement input snapshots remain isolated across mutations and concurrent calls
  ---
  duration_ms: 5.7492
  type: 'test'
  ...
# Subtest: fixed RCL recovery program admits equality, shorter expiry and forward revocation epoch
ok 77 - fixed RCL recovery program admits equality, shorter expiry and forward revocation epoch
  ---
  duration_ms: 25.6539
  type: 'test'
  ...
# Subtest: each identity, lease, revocation, evidence and authentication predicate denies independently in RCL
ok 78 - each identity, lease, revocation, evidence and authentication predicate denies independently in RCL
  ---
  duration_ms: 7.3301
  type: 'test'
  ...
# Subtest: recovery observations reject missing, extra, inherited, accessor and malformed data
ok 79 - recovery observations reject missing, extra, inherited, accessor and malformed data
  ---
  duration_ms: 1.1397
  type: 'test'
  ...
# Subtest: recovery inputs remain data and concurrent snapshots stay isolated
ok 80 - recovery inputs remain data and concurrent snapshots stay isolated
  ---
  duration_ms: 15.9132
  type: 'test'
  ...
# Subtest: loading expired historical state does not admit expired execution
ok 81 - loading expired historical state does not admit expired execution
  ---
  duration_ms: 6.3048
  type: 'test'
  ...
# Subtest: RCL admits fractional metrics, inclusive budgets and zero local route
ok 82 - RCL admits fractional metrics, inclusive budgets and zero local route
  ---
  duration_ms: 25.9755
  type: 'test'
  ...
# Subtest: RCL independently rejects each budget, region, reachability and security failure
ok 83 - RCL independently rejects each budget, region, reachability and security failure
  ---
  duration_ms: 12.1218
  type: 'test'
  ...
# Subtest: missing fields, nonfinite/unsafe/negative metrics and coercion attempts fail closed
ok 84 - missing fields, nonfinite/unsafe/negative metrics and coercion attempts fail closed
  ---
  duration_ms: 0.5175
  type: 'test'
  ...
# Subtest: metrics are snapshotted and concurrent route decisions remain isolated
ok 85 - metrics are snapshotted and concurrent route decisions remain isolated
  ---
  duration_ms: 7.3668
  type: 'test'
  ...
# Subtest: actual recovery caller witnesses admission and independently denies checkpoint root, epoch and lease expansion
ok 86 - actual recovery caller witnesses admission and independently denies checkpoint root, epoch and lease expansion
  ---
  duration_ms: 666.09
  type: 'test'
  ...
# Subtest: actual recovery caller rejects correctly signed session scope, identity, world and expiry violations before RCL
ok 87 - actual recovery caller rejects correctly signed session scope, identity, world and expiry violations before RCL
  ---
  duration_ms: 848.2792
  type: 'test'
  ...
# Subtest: valid protected checkpoint with a wrong prefix root is rejected by the host before admission
ok 88 - valid protected checkpoint with a wrong prefix root is rejected by the host before admission
  ---
  duration_ms: 1315.6119
  type: 'test'
  ...
# Subtest: authenticated signed crash suffix cannot reissue the checkpoint lease during host recovery
ok 89 - authenticated signed crash suffix cannot reissue the checkpoint lease during host recovery
  ---
  duration_ms: 950.8646
  type: 'test'
  ...
# Subtest: signed crash suffix cannot expand an attenuated saved session within its wider lease
ok 90 - signed crash suffix cannot expand an attenuated saved session within its wider lease
  ---
  duration_ms: 2372.0429
  type: 'test'
  ...
# Subtest: full process reopening records an actual RCL recovery witness but expired lease execution stays denied
ok 91 - full process reopening records an actual RCL recovery witness but expired lease execution stays denied
  ---
  duration_ms: 4191.1249
  type: 'test'
  ...
# Subtest: durable recovery: actual service kill preserves identity, exact receipt and consumed anchors
ok 92 - durable recovery: actual service kill preserves identity, exact receipt and consumed anchors
  ---
  duration_ms: 4628.7141
  type: 'test'
  ...
# Subtest: durable recovery: revocation survives service death and coordinator reopening
ok 93 - durable recovery: revocation survives service death and coordinator reopening
  ---
  duration_ms: 8334.1398
  type: 'test'
  ...
# Subtest: durable recovery: independent second coordinator cannot acquire active state
ok 94 - durable recovery: independent second coordinator cannot acquire active state
  ---
  duration_ms: 3257.0797
  type: 'test'
  ...
# Subtest: durable recovery: an existing node writer blocks coordinator recovery without changing its cache
ok 95 - durable recovery: an existing node writer blocks coordinator recovery without changing its cache
  ---
  duration_ms: 6462.7344
  type: 'test'
  ...
# Subtest: durable recovery: actual coordinator kill after execution reconciles one retained receipt
ok 96 - durable recovery: actual coordinator kill after execution reconciles one retained receipt
  ---
  duration_ms: 7115.3749
  type: 'test'
  ...
# Subtest: durable recovery: unresolved persisted request never becomes an automatic new execution
ok 97 - durable recovery: unresolved persisted request never becomes an automatic new execution
  ---
  duration_ms: 5233.2646
  type: 'test'
  ...
# Subtest: durable recovery: ciphertext corruption cannot silently create fresh authority
ok 98 - durable recovery: ciphertext corruption cannot silently create fresh authority
  ---
  duration_ms: 3400.2021
  type: 'test'
  ...
# Subtest: durable recovery: ledger truncated behind its committed checkpoint fails closed
ok 99 - durable recovery: ledger truncated behind its committed checkpoint fails closed
  ---
  duration_ms: 4356.7464
  type: 'test'
  ...
# Subtest: durable recovery: rehashed forged ledger suffix lacks authority signature
ok 100 - durable recovery: rehashed forged ledger suffix lacks authority signature
  ---
  duration_ms: 3537.1443
  type: 'test'
  ...
# Subtest: durable recovery: an older valid service snapshot cannot erase committed execution evidence
ok 101 - durable recovery: an older valid service snapshot cannot erase committed execution evidence
  ---
  duration_ms: 4483.9212
  type: 'test'
  ...
# Subtest: durable recovery: cache signatures, request keys and consumed anchors are independently bound
ok 102 - durable recovery: cache signatures, request keys and consumed anchors are independently bound
  ---
  duration_ms: 3896.9274
  type: 'test'
  ...
# Subtest: durable recovery: authenticated storage does not excuse malformed cache records
ok 103 - durable recovery: authenticated storage does not excuse malformed cache records
  ---
  duration_ms: 7777.264
  type: 'test'
  ...
# Subtest: security: consumed session evidence anchor cannot authorize a second divergent request
ok 104 - security: consumed session evidence anchor cannot authorize a second divergent request
  ---
  duration_ms: 765.7868
  type: 'test'
  ...
# Subtest: security: subject cannot lower route cost below an authority budget by rewriting route metrics
ok 105 - security: subject cannot lower route cost below an authority budget by rewriting route metrics
  ---
  duration_ms: 745.548
  type: 'test'
  ...
# Subtest: security: concurrent exact retries return one execution and identical receipt
ok 106 - security: concurrent exact retries return one execution and identical receipt
  ---
  duration_ms: 760.9763
  type: 'test'
  ...
# Subtest: security: trusted provider receipt cannot relabel world, capability or result status
ok 107 - security: trusted provider receipt cannot relabel world, capability or result status
  ---
  duration_ms: 842.3789
  type: 'test'
  ...
# Subtest: security: authority-issued source node binding cannot be replaced by the subject
ok 108 - security: authority-issued source node binding cannot be replaced by the subject
  ---
  duration_ms: 603.4091
  type: 'test'
  ...
# Subtest: security: signed slow requests have a hard concurrency bound and forged senders never invoke handlers
ok 109 - security: signed slow requests have a hard concurrency bound and forged senders never invoke handlers
  ---
  duration_ms: 34.7006
  type: 'test'
  ...
# Subtest: security: request timeout cancels a bandwidth-delayed UDP transmission
ok 110 - security: request timeout cancels a bandwidth-delayed UDP transmission
  ---
  duration_ms: 102.0011
  type: 'test'
  ...
# Subtest: security: forwarding rejects skipped ingress hops, cycles, unknown edges and tampering
ok 111 - security: forwarding rejects skipped ingress hops, cycles, unknown edges and tampering
  ---
  duration_ms: 278.6733
  type: 'test'
  ...
# Subtest: all ten shared projections validate real signed runtime data with Python jsonschema and reject malformed fields
ok 112 - all ten shared projections validate real signed runtime data with Python jsonschema and reject malformed fields
  ---
  duration_ms: 6284.5629
  type: 'test'
  ...
# {"engine":"python-jsonschema-Draft202012Validator","positiveRuntimeObjects":10,"malformedRejections":11,"directory":"C:\\\\Users\\\\User\\\\.codex\\\\.chatgpt-projects\\\\g-p-6a437af98cc08191af8185180f66b55e\\\\work\\\\TaoWind-Next-Internet\\\\.runs\\\\shared-ir\\\\run-iCP4Kd"}
# Subtest: protocol registry distinguishes bounded implemented behaviors from all sixteen roadmap domains
ok 113 - protocol registry distinguishes bounded implemented behaviors from all sixteen roadmap domains
  ---
  duration_ms: 6.7626
  type: 'test'
  ...
# Subtest: subject and capability addresses round-trip
ok 114 - subject and capability addresses round-trip
  ---
  duration_ms: 2.0187
  type: 'test'
  ...
# Subtest: node directory discovers compatible capability and expires stale nodes
ok 115 - node directory discovers compatible capability and expires stale nodes
  ---
  duration_ms: 2.4206
  type: 'test'
  ...
# Subtest: route graph selects lower-cost multi-hop path
ok 116 - route graph selects lower-cost multi-hop path
  ---
  duration_ms: 0.9341
  type: 'test'
  ...
# Subtest: forward envelope is fail-closed on wrong hop and decrements ttl
ok 117 - forward envelope is fail-closed on wrong hop and decrements ttl
  ---
  duration_ms: 0.6053
  type: 'test'
  ...
# Subtest: security provider registry rejects non-production-safe profile
ok 118 - security provider registry rejects non-production-safe profile
  ---
  duration_ms: 0.2054
  type: 'test'
  ...
# Subtest: transport provider registry selects by predicate
ok 119 - transport provider registry selects by predicate
  ---
  duration_ms: 0.1086
  type: 'test'
  ...
# Subtest: session migration preserves subjects, authority and receipt continuity anchor
ok 120 - session migration preserves subjects, authority and receipt continuity anchor
  ---
  duration_ms: 1.2466
  type: 'test'
  ...
# Subtest: OPP CHP bridge emits schema-compatible offer shape and deterministic agreement
ok 121 - OPP CHP bridge emits schema-compatible offer shape and deterministic agreement
  ---
  duration_ms: 0.8491
  type: 'test'
  ...
# Subtest: three real UDP localhost nodes forward one TINP frame across two hops
ok 122 - three real UDP localhost nodes forward one TINP frame across two hops
  ---
  duration_ms: 35.2975
  type: 'test'
  ...
# Subtest: wire frame round-trips with fixed header
ok 123 - wire frame round-trips with fixed header
  ---
  duration_ms: 1.8189
  type: 'test'
  ...
# Subtest: wire corruption is fail-closed
ok 124 - wire corruption is fail-closed
  ---
  duration_ms: 0.4183
  type: 'test'
  ...
# Subtest: authority negotiation never expands beyond intersection
ok 125 - authority negotiation never expands beyond intersection
  ---
  duration_ms: 1.958
  type: 'test'
  ...
# Subtest: capability router picks highest-priority compatible provider
ok 126 - capability router picks highest-priority compatible provider
  ---
  duration_ms: 0.4365
  type: 'test'
  ...
# Subtest: unroutable capability fails closed
ok 127 - unroutable capability fails closed
  ---
  duration_ms: 0.3307
  type: 'test'
  ...
# Subtest: intent executes and creates evidence-chained receipt
ok 128 - intent executes and creates evidence-chained receipt
  ---
  duration_ms: 0.6795
  type: 'test'
  ...
# Subtest: payload cannot select executable/provider or grant authority
ok 129 - payload cannot select executable/provider or grant authority
  ---
  duration_ms: 0.3874
  type: 'test'
  ...
# Subtest: wrong subject cannot use session
ok 130 - wrong subject cannot use session
  ---
  duration_ms: 0.263
  type: 'test'
  ...
# Subtest: revocation immediately invalidates session
ok 131 - revocation immediately invalidates session
  ---
  duration_ms: 0.2689
  type: 'test'
  ...
# Subtest: production session refuses none-test security profile
ok 132 - production session refuses none-test security profile
  ---
  duration_ms: 0.301
  type: 'test'
  ...
# Subtest: OPP CHP projection preserves TINP capability and authority declarations without granting authority
ok 133 - OPP CHP projection preserves TINP capability and authority declarations without granting authority
  ---
  duration_ms: 0.3007
  type: 'test'
  ...
# Subtest: RNR state packet can be carried as a named payload profile
ok 134 - RNR state packet can be carried as a named payload profile
  ---
  duration_ms: 0.1454
  type: 'test'
  ...
# Subtest: UDP reference transport performs real localhost wire round-trip
ok 135 - UDP reference transport performs real localhost wire round-trip
  ---
  duration_ms: 45.4419
  type: 'test'
  ...
1..135
# tests 135
# suites 0
# pass 135
# fail 0
# cancelled 0
# skipped 0
# todo 0
# duration_ms 287702.6816
