TAP version 13
# Subtest: real AAF signature authorizes the exact bounded challenge through the external public key
ok 1 - real AAF signature authorizes the exact bounded challenge through the external public key
  ---
  duration_ms: 6.7858
  type: 'test'
  ...
# Subtest: unsigned, cryptographically tampered, or incorrectly rooted approvals fail
ok 2 - unsigned, cryptographically tampered, or incorrectly rooted approvals fail
  ---
  duration_ms: 1.9784
  type: 'test'
  ...
# Subtest: replacement keys cannot satisfy the pin even with a valid signature
ok 3 - replacement keys cannot satisfy the pin even with a valid signature
  ---
  duration_ms: 1.1218
  type: 'test'
  ...
# Subtest: key revocation metadata must be explicit false and cannot carry inline private material
ok 4 - key revocation metadata must be explicit false and cannot carry inline private material
  ---
  duration_ms: 1.2871
  type: 'test'
  ...
# Subtest: challenge, signer, and approver bindings are independent hard gates
ok 5 - challenge, signer, and approver bindings are independent hard gates
  ---
  duration_ms: 0.8123
  type: 'test'
  ...
# Subtest: scope and role profiles reject wildcards, extra roles, and conditions
ok 6 - scope and role profiles reject wildcards, extra roles, and conditions
  ---
  duration_ms: 1.8442
  type: 'test'
  ...
# Subtest: time windows reject future, expired, overlong, invalid and noncanonical timestamps
ok 7 - time windows reject future, expired, overlong, invalid and noncanonical timestamps
  ---
  duration_ms: 2.4581
  type: 'test'
  ...
# Subtest: historical authorization can be verified at its admission time but cannot renew current authority
ok 8 - historical authorization can be verified at its admission time but cannot renew current authority
  ---
  duration_ms: 0.6454
  type: 'test'
  ...
# Subtest: approval shape rejects inline keys, extra fields, accessors, and prototype fields
ok 9 - approval shape rejects inline keys, extra fields, accessors, and prototype fields
  ---
  duration_ms: 1.0687
  type: 'test'
  ...
# Subtest: canonical signature encoding rejects extra bytes, whitespace, and altered algorithm
ok 10 - canonical signature encoding rejects extra bytes, whitespace, and altered algorithm
  ---
  duration_ms: 1.1567
  type: 'test'
  ...
# Subtest: policy validation rejects root drift, wildcard policy, public keys, and non-Ed25519 keys
ok 11 - policy validation rejects root drift, wildcard policy, public keys, and non-Ed25519 keys
  ---
  duration_ms: 0.8514
  type: 'test'
  ...
# Subtest: external keyring entry accessors are rejected without evaluation
ok 12 - external keyring entry accessors are rejected without evaluation
  ---
  duration_ms: 0.5161
  type: 'test'
  ...
# Subtest: vendored AAF bytes match the recorded git HEAD provenance hashes
ok 13 - vendored AAF bytes match the recorded git HEAD provenance hashes
  ---
  duration_ms: 0.9137
  type: 'test'
  ...
# Subtest: authority registry CLI verifies an external snapshot and derives a role keyring
ok 14 - authority registry CLI verifies an external snapshot and derives a role keyring
  ---
  duration_ms: 1237.608
  type: 'test'
  ...
# Subtest: recovery-anchor status can opt into the signed registry bridge
ok 15 - recovery-anchor status can opt into the signed registry bridge
  ---
  duration_ms: 5951.3633
  type: 'test'
  ...
# Subtest: authority registry convergence CLI verifies a contiguous history
ok 16 - authority registry convergence CLI verifies a contiguous history
  ---
  duration_ms: 375.2559
  type: 'test'
  ...
# Subtest: authority registry convergence store CLI appends, verifies and rejects rollback
ok 17 - authority registry convergence store CLI appends, verifies and rejects rollback
  ---
  duration_ms: 2743.9713
  type: 'test'
  ...
# Subtest: store persists the first verified history and reloads it
ok 18 - store persists the first verified history and reloads it
  ---
  duration_ms: 430.7689
  type: 'test'
  ...
# Subtest: store accepts an exact full-history extension and makes replay idempotent
ok 19 - store accepts an exact full-history extension and makes replay idempotent
  ---
  duration_ms: 1231.7067
  type: 'test'
  ...
# Subtest: store rejects rollback and prefix rewrite without changing durable bytes
ok 20 - store rejects rollback and prefix rewrite without changing durable bytes
  ---
  duration_ms: 1078.2126
  type: 'test'
  ...
# Subtest: store detects tampered history roots and malformed state before use
ok 21 - store detects tampered history roots and malformed state before use
  ---
  duration_ms: 370.3497
  type: 'test'
  ...
# Subtest: store rejects a changed policy and keeps the existing history
ok 22 - store rejects a changed policy and keeps the existing history
  ---
  duration_ms: 937.367
  type: 'test'
  ...
# Subtest: authority registry convergence witness CLI requests and verifies an external binding
ok 23 - authority registry convergence witness CLI requests and verifies an external binding
  ---
  duration_ms: 1155.8152
  type: 'test'
  ...
# Subtest: external witness binds one exact convergence-store state
ok 24 - external witness binds one exact convergence-store state
  ---
  duration_ms: 12.2626
  type: 'test'
  ...
# Subtest: witness chain accepts extension and rejects rollback or same-sequence replacement
ok 25 - witness chain accepts extension and rejects rollback or same-sequence replacement
  ---
  duration_ms: 10.5014
  type: 'test'
  ...
# Subtest: witness rejects a store replacement even when the replacement is structurally valid
ok 26 - witness rejects a store replacement even when the replacement is structurally valid
  ---
  duration_ms: 3.0441
  type: 'test'
  ...
# Subtest: witness key, signature, time and object boundaries fail closed
ok 27 - witness key, signature, time and object boundaries fail closed
  ---
  duration_ms: 4.5943
  type: 'test'
  ...
# Subtest: convergence bundle verifies a contiguous history with a stable mirror quorum
ok 28 - convergence bundle verifies a contiguous history with a stable mirror quorum
  ---
  duration_ms: 12.4735
  type: 'test'
  ...
# Subtest: same-sequence alternate roots are rejected as a historical fork
ok 29 - same-sequence alternate roots are rejected as a historical fork
  ---
  duration_ms: 6.2905
  type: 'test'
  ...
# Subtest: missing sequence and broken predecessor are rejected before distributed history is accepted
ok 30 - missing sequence and broken predecessor are rejected before distributed history is accepted
  ---
  duration_ms: 6.0296
  type: 'test'
  ...
# Subtest: mirror set drift is visible even when each snapshot individually reaches threshold
ok 31 - mirror set drift is visible even when each snapshot individually reaches threshold
  ---
  duration_ms: 4.6968
  type: 'test'
  ...
# Subtest: duplicate snapshots, root drift and accessors fail closed
ok 32 - duplicate snapshots, root drift and accessors fail closed
  ---
  duration_ms: 3.7774
  type: 'test'
  ...
# Subtest: independent local hosts replay public history and retain unresolved conflicts
ok 33 - independent local hosts replay public history and retain unresolved conflicts
  ---
  duration_ms: 4417.1804
  type: 'test'
  ...
# Subtest: authority registry distribution CLI verifies a quorum bundle and rejects unknown flags
ok 34 - authority registry distribution CLI verifies a quorum bundle and rejects unknown flags
  ---
  duration_ms: 504.1331
  type: 'test'
  ...
# Subtest: distribution policy and mirror quorum converge on one signed registry root
ok 35 - distribution policy and mirror quorum converge on one signed registry root
  ---
  duration_ms: 8.863
  type: 'test'
  ...
# Subtest: validly signed conflicting mirror receipt is rejected as a deterministic fork
ok 36 - validly signed conflicting mirror receipt is rejected as a deterministic fork
  ---
  duration_ms: 3.4196
  type: 'test'
  ...
# Subtest: quorum and receipt validity are bounded by caller time and threshold
ok 37 - quorum and receipt validity are bounded by caller time and threshold
  ---
  duration_ms: 2.8678
  type: 'test'
  ...
# Subtest: mirror key replacement, revocation, duplicate and ordering fail closed
ok 38 - mirror key replacement, revocation, duplicate and ordering fail closed
  ---
  duration_ms: 3.0051
  type: 'test'
  ...
# Subtest: strict object and private-key boundaries reject accessors and private mirror material
ok 39 - strict object and private-key boundaries reject accessors and private mirror material
  ---
  duration_ms: 2.0798
  type: 'test'
  ...
# Subtest: TINP loopback DATA transport transfers public history and retains rejects
ok 40 - TINP loopback DATA transport transfers public history and retains rejects
  ---
  duration_ms: 5323.2903
  type: 'test'
  ...
# Subtest: resumable transfer journal persists cursors and makes duplicate chunks idempotent
ok 41 - resumable transfer journal persists cursors and makes duplicate chunks idempotent
  ---
  duration_ms: 1973.2392
  type: 'test'
  ...
# Subtest: resumable transfer rejects altered chunks, manifests and incomplete commits without mutation
ok 42 - resumable transfer rejects altered chunks, manifests and incomplete commits without mutation
  ---
  duration_ms: 1.036
  type: 'test'
  ...
# Subtest: TLS resumable transfer resumes a durable public journal after receiver restart
ok 43 - TLS resumable transfer resumes a durable public journal after receiver restart
  ---
  duration_ms: 12324.1382
  type: 'test'
  ...
# Subtest: TINP TLS loopback transfers public history with certificate pinning
ok 44 - TINP TLS loopback transfers public history with certificate pinning
  ---
  duration_ms: 6090.9145
  type: 'test'
  ...
# Subtest: TLS loopback rejects a peer certificate outside the configured CA pin
ok 45 - TLS loopback rejects a peer certificate outside the configured CA pin
  ---
  duration_ms: 899.1408
  type: 'test'
  ...
# Subtest: authority registry policy and snapshot are signed by an independent issuer
ok 46 - authority registry policy and snapshot are signed by an independent issuer
  ---
  duration_ms: 254.6776
  type: 'test'
  ...
# Subtest: append-only registry rotation revokes old members and cannot escalate roles
ok 47 - append-only registry rotation revokes old members and cannot escalate roles
  ---
  duration_ms: 419.5529
  type: 'test'
  ...
# Subtest: registry chain rejects forged signatures, rollback and replaced predecessors
ok 48 - registry chain rejects forged signatures, rollback and replaced predecessors
  ---
  duration_ms: 390.5344
  type: 'test'
  ...
# Subtest: issuer revocation, key replacement and missing member material fail closed
ok 49 - issuer revocation, key replacement and missing member material fail closed
  ---
  duration_ms: 363.8947
  type: 'test'
  ...
# Subtest: strict object and time boundaries reject accessors, resurrection and stale snapshots
ok 50 - strict object and time boundaries reject accessors, resurrection and stale snapshots
  ---
  duration_ms: 255.0904
  type: 'test'
  ...
# Subtest: authenticated network rejects mutated transaction facts before any provider execution
ok 51 - authenticated network rejects mutated transaction facts before any provider execution
  ---
  duration_ms: 1398.7126
  type: 'test'
  ...
# Subtest: concurrent exact retry executes once; changed request content cannot replay
ok 52 - concurrent exact retry executes once; changed request content cannot replay
  ---
  duration_ms: 1256.7622
  type: 'test'
  ...
# Subtest: receipt mutation and durable ledger tampering cannot become verified evidence
ok 53 - receipt mutation and durable ledger tampering cannot become verified evidence
  ---
  duration_ms: 1384.5479
  type: 'test'
  ...
# Subtest: bounded path selection applies cost, region, latency and energy together
ok 54 - bounded path selection applies cost, region, latency and energy together
  ---
  duration_ms: 1.1363
  type: 'test'
  ...
# Subtest: deterministic malformed wire corpus rejects framing errors
ok 55 - deterministic malformed wire corpus rejects framing errors
  ---
  duration_ms: 1.3997
  type: 'test'
  ...
# Subtest: integrated RCL migration rejects a changed subject before issuing a replacement
ok 56 - integrated RCL migration rejects a changed subject before issuing a replacement
  ---
  duration_ms: 1874.2088
  type: 'test'
  ...
# Subtest: integrated RCL route gate enforces signed latency and energy budgets from trusted edges
ok 57 - integrated RCL route gate enforces signed latency and energy budgets from trusted edges
  ---
  duration_ms: 1408.8973
  type: 'test'
  ...
# Subtest: an ambiguous lost response reconciles the exact signed request without a second execution
ok 58 - an ambiguous lost response reconciles the exact signed request without a second execution
  ---
  duration_ms: 1598.5251
  type: 'test'
  ...
# Subtest: operator CLI imports an independently signed AAF approval and preserves the old revoked lease
ok 59 - operator CLI imports an independently signed AAF approval and preserves the old revoked lease
  ---
  duration_ms: 29061.262
  type: 'test'
  ...
# Subtest: external operator pin is immutable and persisted as a fingerprint without the external keyring or private signer
ok 60 - external operator pin is immutable and persisted as a fingerprint without the external keyring or private signer
  ---
  duration_ms: 18873.8128
  type: 'test'
  ...
# Subtest: pinned operator requires a signed approval and the matching currently unrevoked external key before any revocation
ok 61 - pinned operator requires a signed approval and the matching currently unrevoked external key before any revocation
  ---
  duration_ms: 12688.5433
  type: 'test'
  ...
# Subtest: valid external signatures for another challenge, signer identity, scope or expired interval grant no retirement
ok 62 - valid external signatures for another challenge, signer identity, scope or expired interval grant no retirement
  ---
  duration_ms: 12045.9889
  type: 'test'
  ...
# Subtest: operator revocation after actual node acknowledgements is rechecked and cannot commit a terminal
ok 63 - operator revocation after actual node acknowledgements is rechecked and cannot commit a terminal
  ---
  duration_ms: 15522.0805
  type: 'test'
  ...
# Subtest: approval expiry while waiting for real node acknowledgements retains pending and produces no terminal
ok 64 - approval expiry while waiting for real node acknowledgements retains pending and produces no terminal
  ---
  duration_ms: 17040.159
  type: 'test'
  ...
# Subtest: authenticated checkpoint cannot drop or replace an operator pin already recorded in the signed ledger
ok 65 - authenticated checkpoint cannot drop or replace an operator pin already recorded in the signed ledger
  ---
  duration_ms: 15729.8784
  type: 'test'
  ...
# Subtest: actual coordinator crash finalizes a historical approval after expiry while requiring its external nonrevoked key
ok 66 - actual coordinator crash finalizes a historical approval after expiry while requiring its external nonrevoked key
  ---
  duration_ms: 30987.0555
  type: 'test'
  ...
# Subtest: a coordinator-signed terminal cannot forge external approval or recorded authorization evidence
ok 67 - a coordinator-signed terminal cannot forge external approval or recorded authorization evidence
  ---
  duration_ms: 34680.664
  type: 'test'
  ...
# Subtest: real upstream OPP preserves Unicode and returns non-authoritative exact contract
ok 68 - real upstream OPP preserves Unicode and returns non-authoritative exact contract
  ---
  duration_ms: 464.7683
  type: 'test'
  ...
# Subtest: upstream rejects schema drift and intersects scopes without granting authority
ok 69 - upstream rejects schema drift and intersects scopes without granting authority
  ---
  duration_ms: 635.151
  type: 'test'
  ...
# Subtest: profile version mismatch fails before contract use
ok 70 - profile version mismatch fails before contract use
  ---
  duration_ms: 494.7522
  type: 'test'
  ...
# Subtest: missing required schema fails closed
ok 71 - missing required schema fails closed
  ---
  duration_ms: 468.7179
  type: 'test'
  ...
# Subtest: accepted OPP negotiation and read-only observation produce a bound consumer receipt
ok 72 - accepted OPP negotiation and read-only observation produce a bound consumer receipt
  ---
  duration_ms: 456.2925
  type: 'test'
  ...
# Subtest: consumer bridge rejects a contract whose projection differs from the HTTP policy
ok 73 - consumer bridge rejects a contract whose projection differs from the HTTP policy
  ---
  duration_ms: 566.0953
  type: 'test'
  ...
# Subtest: producer fail-closed observation becomes a rooted consumer failure without fetch
ok 74 - producer fail-closed observation becomes a rooted consumer failure without fetch
  ---
  duration_ms: 544.603
  type: 'test'
  ...
# Subtest: consumer bridge rejects a response re-rooted away from its producer receipt
ok 75 - consumer bridge rejects a response re-rooted away from its producer receipt
  ---
  duration_ms: 884.8146
  type: 'test'
  ...
# Subtest: consumer bridge rejects a negotiation from another owner or capability
ok 76 - consumer bridge rejects a negotiation from another owner or capability
  ---
  duration_ms: 887.493
  type: 'test'
  ...
# Subtest: consumer bridge rejects a capability agreement whose content root was not recomputed
ok 77 - consumer bridge rejects a capability agreement whose content root was not recomputed
  ---
  duration_ms: 1203.9733
  type: 'test'
  ...
# Subtest: consumer bridge CLI replays supplied files and writes a bounded receipt
ok 78 - consumer bridge CLI replays supplied files and writes a bounded receipt
  ---
  duration_ms: 923.6036
  type: 'test'
  ...
# Subtest: consumer bridge bundle binds all inputs to one root
ok 79 - consumer bridge bundle binds all inputs to one root
  ---
  duration_ms: 602.3906
  type: 'test'
  ...
# Subtest: consumer bridge CLI replays a single rooted bundle without network access
ok 80 - consumer bridge CLI replays a single rooted bundle without network access
  ---
  duration_ms: 814.7912
  type: 'test'
  ...
# Subtest: consumer bridge CLI creates a rooted bundle from five supplied files
ok 81 - consumer bridge CLI creates a rooted bundle from five supplied files
  ---
  duration_ms: 893.5778
  type: 'test'
  ...
# Subtest: live consumer joins real OPP negotiation to one deterministic read-only observation
ok 82 - live consumer joins real OPP negotiation to one deterministic read-only observation
  ---
  duration_ms: 606.8759
  type: 'test'
  ...
# Subtest: live consumer preserves producer fail-closed and never fetches through ambient proxy
ok 83 - live consumer preserves producer fail-closed and never fetches through ambient proxy
  ---
  duration_ms: 689.2219
  type: 'test'
  ...
# Subtest: live consumer creates a rooted request when given an unrooted request descriptor
ok 84 - live consumer creates a rooted request when given an unrooted request descriptor
  ---
  duration_ms: 479.5741
  type: 'test'
  ...
# Subtest: live consumer result validator rejects unbound top-level fields
ok 85 - live consumer result validator rejects unbound top-level fields
  ---
  duration_ms: 525.1306
  type: 'test'
  ...
# Subtest: live consumer CLI writes a validated fail-closed result when ambient proxy is configured
ok 86 - live consumer CLI writes a validated fail-closed result when ambient proxy is configured
  ---
  duration_ms: 799.3427
  type: 'test'
  ...
# Subtest: live consumer offline verify CLI revalidates a saved result without network access
ok 87 - live consumer offline verify CLI revalidates a saved result without network access
  ---
  duration_ms: 1577.0974
  type: 'test'
  ...
# Subtest: policy and request roots are deterministic and bind the pinned OPP profile
ok 88 - policy and request roots are deterministic and bind the pinned OPP profile
  ---
  duration_ms: 9.6123
  type: 'test'
  ...
# Subtest: readonly adapter performs one explicit JSON GET and returns a rooted receipt
ok 89 - readonly adapter performs one explicit JSON GET and returns a rooted receipt
  ---
  duration_ms: 15.0121
  type: 'test'
  ...
# Subtest: ambient proxy configuration fails closed before fetch
ok 90 - ambient proxy configuration fails closed before fetch
  ---
  duration_ms: 1.0266
  type: 'test'
  ...
# Subtest: network failure is one attempt and does not retry
ok 91 - network failure is one attempt and does not retry
  ---
  duration_ms: 0.5355
  type: 'test'
  ...
# Subtest: response size, redirect/status, and media type boundaries fail closed
ok 92 - response size, redirect/status, and media type boundaries fail closed
  ---
  duration_ms: 1.8343
  type: 'test'
  ...
# Subtest: host and credential boundaries reject before execution
ok 93 - host and credential boundaries reject before execution
  ---
  duration_ms: 0.7167
  type: 'test'
  ...
# Subtest: nested header and policy field shapes fail closed before a fetch
ok 94 - nested header and policy field shapes fail closed before a fetch
  ---
  duration_ms: 0.452
  type: 'test'
  ...
# Subtest: Node environment-proxy switches fail closed before fetch
ok 95 - Node environment-proxy switches fail closed before fetch
  ---
  duration_ms: 1.2742
  type: 'test'
  ...
# Subtest: projection preserves a literal prototype key without changing the result prototype
ok 96 - projection preserves a literal prototype key without changing the result prototype
  ---
  duration_ms: 0.5555
  type: 'test'
  ...
# Subtest: receipt validator rejects a re-rooted semantically inconsistent PASS
ok 97 - receipt validator rejects a re-rooted semantically inconsistent PASS
  ---
  duration_ms: 0.6952
  type: 'test'
  ...
# Subtest: encoded path traversal and malformed environment fail closed
ok 98 - encoded path traversal and malformed environment fail closed
  ---
  duration_ms: 0.522
  type: 'test'
  ...
# Subtest: successful responses require a JSON object and consistent response metadata
ok 99 - successful responses require a JSON object and consistent response metadata
  ---
  duration_ms: 0.6238
  type: 'test'
  ...
# Subtest: pending CLI: inspect then retire unsent pending without resending
ok 100 - pending CLI: inspect then retire unsent pending without resending
  ---
  duration_ms: 25322.511
  type: 'test'
  ...
# Subtest: pending CLI: retrieve executed receipt without resending
ok 101 - pending CLI: retrieve executed receipt without resending
  ---
  duration_ms: 21096.8945
  type: 'test'
  ...
# Subtest: pending inspector is offline, nonmutating, redacted and refuses missing state without creating it
ok 102 - pending inspector is offline, nonmutating, redacted and refuses missing state without creating it
  ---
  duration_ms: 13659.9982
  type: 'test'
  ...
# Subtest: maintenance denies direct execution and service restart cannot activate a provider
ok 103 - maintenance denies direct execution and service restart cannot activate a provider
  ---
  duration_ms: 16055.5343
  type: 'test'
  ...
# Subtest: retirement root and explicit confirmation fail before any durable mutation
ok 104 - retirement root and explicit confirmation fail before any durable mutation
  ---
  duration_ms: 13310.1669
  type: 'test'
  ...
# Subtest: authenticated pending state binds its public root, target and whole route even when the route root is unchanged
ok 105 - authenticated pending state binds its public root, target and whole route even when the route root is unchanged
  ---
  duration_ms: 14622.7513
  type: 'test'
  ...
# Subtest: retirement missing one live acknowledgement preserves pending and resumes only with full revocation evidence
ok 106 - retirement missing one live acknowledgement preserves pending and resumes only with full revocation evidence
  ---
  duration_ms: 20677.3194
  type: 'test'
  ...
# Subtest: actual coordinator death after retirement prefix commit recovers without execution or lease renewal
ok 107 - actual coordinator death after retirement prefix commit recovers without execution or lease renewal
  ---
  duration_ms: 23217.1416
  type: 'test'
  ...
# Subtest: actual coordinator death after retirement suffix commit recovers without execution or lease renewal
ok 108 - actual coordinator death after retirement suffix commit recovers without execution or lease renewal
  ---
  duration_ms: 22833.3391
  type: 'test'
  ...
# Subtest: authority-signed terminal does not excuse missing node evidence, wrong epoch or fake RCL admission
ok 109 - authority-signed terminal does not excuse missing node evidence, wrong epoch or fake RCL admission
  ---
  duration_ms: 41484.5008
  type: 'test'
  ...
# Subtest: udp: Chinese life intent executes through three independent local processes and two socket hops
ok 110 - udp: Chinese life intent executes through three independent local processes and two socket hops
  ---
  duration_ms: 1168.4368
  type: 'test'
  ...
# Local process/socket evidence: C:\\Users\\User\\.codex\\.chatgpt-projects\\g-p-6a437af98cc08191af8185180f66b55e\\work\\TaoWind-Next-Internet\\.runs\\profiles\\run-myKQMU
# Subtest: tcp: Chinese life intent executes through three independent local processes and two socket hops
ok 111 - tcp: Chinese life intent executes through three independent local processes and two socket hops
  ---
  duration_ms: 1751.0545
  type: 'test'
  ...
# Local process/socket evidence: C:\\Users\\User\\.codex\\.chatgpt-projects\\g-p-6a437af98cc08191af8185180f66b55e\\work\\TaoWind-Next-Internet\\.runs\\profiles\\run-YH1m2T
# Subtest: commercial: contract-identical provider replacement executes; semantic drift rolls back; missing provider migrates to B
ok 112 - commercial: contract-identical provider replacement executes; semantic drift rolls back; missing provider migrates to B
  ---
  duration_ms: 4507.015
  type: 'test'
  ...
# Local process/socket evidence: C:\\Users\\User\\.codex\\.chatgpt-projects\\g-p-6a437af98cc08191af8185180f66b55e\\work\\TaoWind-Next-Internet\\.runs\\profiles\\run-QElNeE
# Subtest: degraded: killing relay B causes authenticated direct A-C execution without authority or evidence loss
ok 113 - degraded: killing relay B causes authenticated direct A-C execution without authority or evidence loss
  ---
  duration_ms: 3358.6782
  type: 'test'
  ...
# Local process/socket evidence: C:\\Users\\User\\.codex\\.chatgpt-projects\\g-p-6a437af98cc08191af8185180f66b55e\\work\\TaoWind-Next-Internet\\.runs\\profiles\\run-oRqrPp
# Subtest: partition: actual links blocked on both sides preserve local isolated capability without remote execution
ok 114 - partition: actual links blocked on both sides preserve local isolated capability without remote execution
  ---
  duration_ms: 2479.2104
  type: 'test'
  ...
# Local process/socket evidence: C:\\Users\\User\\.codex\\.chatgpt-projects\\g-p-6a437af98cc08191af8185180f66b55e\\work\\TaoWind-Next-Internet\\.runs\\profiles\\run-EmYDGU
# Subtest: degraded: a real link failure with B still alive reroutes socket traffic over A-C
ok 115 - degraded: a real link failure with B still alive reroutes socket traffic over A-C
  ---
  duration_ms: 1740.5429
  type: 'test'
  ...
# Local process/socket evidence: C:\\Users\\User\\.codex\\.chatgpt-projects\\g-p-6a437af98cc08191af8185180f66b55e\\work\\TaoWind-Next-Internet\\.runs\\profiles\\run-DgFYMK
# Subtest: survival: every provider disappears; no execution is fabricated and identity/session/durable prefix survive
ok 116 - survival: every provider disappears; no execution is fabricated and identity/session/durable prefix survive
  ---
  duration_ms: 1513.747
  type: 'test'
  ...
# Local process/socket evidence: C:\\Users\\User\\.codex\\.chatgpt-projects\\g-p-6a437af98cc08191af8185180f66b55e\\work\\TaoWind-Next-Internet\\.runs\\profiles\\run-K6oTLT
# Subtest: commercial: source migration A to B preserves subject, session, authority and a verifiable durable evidence chain
ok 117 - commercial: source migration A to B preserves subject, session, authority and a verifiable durable evidence chain
  ---
  duration_ms: 2361.7942
  type: 'test'
  ...
# Local process/socket evidence: C:\\Users\\User\\.codex\\.chatgpt-projects\\g-p-6a437af98cc08191af8185180f66b55e\\work\\TaoWind-Next-Internet\\.runs\\profiles\\run-HAx0xt
# Subtest: commercial: protocol downgrade is negotiated and an unsupported provider version fails over without invoking it
ok 118 - commercial: protocol downgrade is negotiated and an unsupported provider version fails over without invoking it
  ---
  duration_ms: 2386.6708
  type: 'test'
  ...
# Local process/socket evidence: C:\\Users\\User\\.codex\\.chatgpt-projects\\g-p-6a437af98cc08191af8185180f66b55e\\work\\TaoWind-Next-Internet\\.runs\\profiles\\run-EUrgDH
# Subtest: degraded: actual socket send throttling delays bytes while the same guarded operation still executes
ok 119 - degraded: actual socket send throttling delays bytes while the same guarded operation still executes
  ---
  duration_ms: 2741.518
  type: 'test'
  ...
# Local process/socket evidence: C:\\Users\\User\\.codex\\.chatgpt-projects\\g-p-6a437af98cc08191af8185180f66b55e\\work\\TaoWind-Next-Internet\\.runs\\profiles\\run-NtAbV1
# {"profile":"actual-throttled-local-udp","sentBytes":16054,"bytesPerSecond":16000,"elapsedMs":1737.5293999999994,"nominalDelayMs":1003.375,"probeBytes":4916,"probeElapsedMs":359.8122000000003,"probeNominalMs":307.25}
# Subtest: protected storage rejects missing purpose and unsupported platforms
ok 120 - protected storage rejects missing purpose and unsupported platforms
  ---
  duration_ms: 1.0429
  type: 'test'
  ...
# Subtest: actual current-user DPAPI roundtrip protects Ed25519 private keys on disk
ok 121 - actual current-user DPAPI roundtrip protects Ed25519 private keys on disk
  ---
  duration_ms: 891.6108
  type: 'test'
  ...
# Subtest: DPAPI purpose binding rejects a different state domain without changing ciphertext
ok 122 - DPAPI purpose binding rejects a different state domain without changing ciphertext
  ---
  duration_ms: 1372.7932
  type: 'test'
  ...
# Subtest: corrupted header, ciphertext and truncation all fail closed
ok 123 - corrupted header, ciphertext and truncation all fail closed
  ---
  duration_ms: 712.8866
  type: 'test'
  ...
# Subtest: atomic snapshot overwrite retains latest state and leaves no temporary files
ok 124 - atomic snapshot overwrite retains latest state and leaves no temporary files
  ---
  duration_ms: 1791.0474
  type: 'test'
  ...
# Subtest: DPAPI rejects modified protected content even when the outer checksum is recomputed
ok 125 - DPAPI rejects modified protected content even when the outer checksum is recomputed
  ---
  duration_ms: 939.9214
  type: 'test'
  ...
# Subtest: unavailable provider preserves last snapshot and never writes a plaintext fallback
ok 126 - unavailable provider preserves last snapshot and never writes a plaintext fallback
  ---
  duration_ms: 940.07
  type: 'test'
  ...
# Subtest: a fresh Node process recovers the same protected private key and session
ok 127 - a fresh Node process recovers the same protected private key and session
  ---
  duration_ms: 1255.0977
  type: 'test'
  ...
# Subtest: invalid JSON payload inputs do not overwrite a healthy snapshot
ok 128 - invalid JSON payload inputs do not overwrite a healthy snapshot
  ---
  duration_ms: 1002.9989
  type: 'test'
  ...
# Subtest: fixed RCL source compiles and admits authenticated matching observations
ok 129 - fixed RCL source compiles and admits authenticated matching observations
  ---
  duration_ms: 19.8733
  type: 'test'
  ...
# Subtest: each semantic predicate independently denies in RCL
ok 130 - each semantic predicate independently denies in RCL
  ---
  duration_ms: 24.5502
  type: 'test'
  ...
# Subtest: missing, malformed, accessor and injection inputs fail closed without compilation
ok 131 - missing, malformed, accessor and injection inputs fail closed without compilation
  ---
  duration_ms: 1.9934
  type: 'test'
  ...
# Subtest: facts are snapshotted before asynchronous execution and requests stay isolated
ok 132 - facts are snapshotted before asynchronous execution and requests stay isolated
  ---
  duration_ms: 21.3399
  type: 'test'
  ...
# Subtest: RCL admits scope attenuation, equal expiry and scope order independence
ok 133 - RCL admits scope attenuation, equal expiry and scope order independence
  ---
  duration_ms: 23.0068
  type: 'test'
  ...
# Subtest: identity, continuity, world, expiry and scope expansion are independently denied in RCL
ok 134 - identity, continuity, world, expiry and scope expansion are independently denied in RCL
  ---
  duration_ms: 6.8834
  type: 'test'
  ...
# Subtest: missing fields, invalid timestamps and malformed scope sets fail closed
ok 135 - missing fields, invalid timestamps and malformed scope sets fail closed
  ---
  duration_ms: 0.8001
  type: 'test'
  ...
# Subtest: scope snapshots and concurrent migration decisions remain isolated
ok 136 - scope snapshots and concurrent migration decisions remain isolated
  ---
  duration_ms: 7.8943
  type: 'test'
  ...
# Subtest: fixed RCL pending retirement compiles and records actual runtime admission
ok 137 - fixed RCL pending retirement compiles and records actual runtime admission
  ---
  duration_ms: 16.3323
  type: 'test'
  ...
# Subtest: RCL independently denies every false predicate and mismatched root in the complete truth table
ok 138 - RCL independently denies every false predicate and mismatched root in the complete truth table
  ---
  duration_ms: 16.9491
  type: 'test'
  ...
# Subtest: pending retirement observations reject missing, extra, inherited, accessor and malformed fields
ok 139 - pending retirement observations reject missing, extra, inherited, accessor and malformed fields
  ---
  duration_ms: 1.8677
  type: 'test'
  ...
# Subtest: request root binding is exact and does not silently normalize valid hexadecimal strings
ok 140 - request root binding is exact and does not silently normalize valid hexadecimal strings
  ---
  duration_ms: 2.4991
  type: 'test'
  ...
# Subtest: pending retirement input snapshots remain isolated across mutations and concurrent calls
ok 141 - pending retirement input snapshots remain isolated across mutations and concurrent calls
  ---
  duration_ms: 7.6631
  type: 'test'
  ...
# Subtest: fixed RCL recovery program admits equality, shorter expiry and forward revocation epoch
ok 142 - fixed RCL recovery program admits equality, shorter expiry and forward revocation epoch
  ---
  duration_ms: 27.5556
  type: 'test'
  ...
# Subtest: each identity, lease, revocation, evidence and authentication predicate denies independently in RCL
ok 143 - each identity, lease, revocation, evidence and authentication predicate denies independently in RCL
  ---
  duration_ms: 12.5971
  type: 'test'
  ...
# Subtest: recovery observations reject missing, extra, inherited, accessor and malformed data
ok 144 - recovery observations reject missing, extra, inherited, accessor and malformed data
  ---
  duration_ms: 1.4492
  type: 'test'
  ...
# Subtest: recovery inputs remain data and concurrent snapshots stay isolated
ok 145 - recovery inputs remain data and concurrent snapshots stay isolated
  ---
  duration_ms: 18.8164
  type: 'test'
  ...
# Subtest: loading expired historical state does not admit expired execution
ok 146 - loading expired historical state does not admit expired execution
  ---
  duration_ms: 8.7853
  type: 'test'
  ...
# Subtest: RCL admits fractional metrics, inclusive budgets and zero local route
ok 147 - RCL admits fractional metrics, inclusive budgets and zero local route
  ---
  duration_ms: 25.3662
  type: 'test'
  ...
# Subtest: RCL independently rejects each budget, region, reachability and security failure
ok 148 - RCL independently rejects each budget, region, reachability and security failure
  ---
  duration_ms: 12.7001
  type: 'test'
  ...
# Subtest: missing fields, nonfinite/unsafe/negative metrics and coercion attempts fail closed
ok 149 - missing fields, nonfinite/unsafe/negative metrics and coercion attempts fail closed
  ---
  duration_ms: 0.7739
  type: 'test'
  ...
# Subtest: metrics are snapshotted and concurrent route decisions remain isolated
ok 150 - metrics are snapshotted and concurrent route decisions remain isolated
  ---
  duration_ms: 11.2739
  type: 'test'
  ...
# Subtest: recovery-anchor CLI exports a read-only request and imports an external signature
ok 151 - recovery-anchor CLI exports a read-only request and imports an external signature
  ---
  duration_ms: 13280.9744
  type: 'test'
  ...
# Subtest: external recovery anchor pins a public fingerprint, excludes keyring material, and survives restart
ok 152 - external recovery anchor pins a public fingerprint, excludes keyring material, and survives restart
  ---
  duration_ms: 23930.0541
  type: 'test'
  ...
# Subtest: a newer externally signed anchor detects a complete older directory replay
ok 153 - a newer externally signed anchor detects a complete older directory replay
  ---
  duration_ms: 35127.6802
  type: 'test'
  ...
# Subtest: anchor policy and monotonic sequence reject replacement, stale, forged, and revoked trust inputs before writes
ok 154 - anchor policy and monotonic sequence reject replacement, stale, forged, and revoked trust inputs before writes
  ---
  duration_ms: 24600.1248
  type: 'test'
  ...
# Subtest: anchor verification rejects a lower external sequence and a mismatched signer without changing durable state
ok 155 - anchor verification rejects a lower external sequence and a mismatched signer without changing durable state
  ---
  duration_ms: 16670.2169
  type: 'test'
  ...
# Subtest: actual recovery caller witnesses admission and independently denies checkpoint root, epoch and lease expansion
ok 156 - actual recovery caller witnesses admission and independently denies checkpoint root, epoch and lease expansion
  ---
  duration_ms: 2257.9909
  type: 'test'
  ...
# Subtest: actual recovery caller rejects correctly signed session scope, identity, world and expiry violations before RCL
ok 157 - actual recovery caller rejects correctly signed session scope, identity, world and expiry violations before RCL
  ---
  duration_ms: 2430.2076
  type: 'test'
  ...
# Subtest: valid protected checkpoint with a wrong prefix root is rejected by the host before admission
ok 158 - valid protected checkpoint with a wrong prefix root is rejected by the host before admission
  ---
  duration_ms: 4327.7721
  type: 'test'
  ...
# Subtest: authenticated signed crash suffix cannot reissue the checkpoint lease during host recovery
ok 159 - authenticated signed crash suffix cannot reissue the checkpoint lease during host recovery
  ---
  duration_ms: 2758.5341
  type: 'test'
  ...
# Subtest: signed crash suffix cannot expand an attenuated saved session within its wider lease
ok 160 - signed crash suffix cannot expand an attenuated saved session within its wider lease
  ---
  duration_ms: 6742.1082
  type: 'test'
  ...
# Subtest: full process reopening records an actual RCL recovery witness but expired lease execution stays denied
ok 161 - full process reopening records an actual RCL recovery witness but expired lease execution stays denied
  ---
  duration_ms: 16180.8201
  type: 'test'
  ...
# Subtest: durable recovery: actual service kill preserves identity, exact receipt and consumed anchors
ok 162 - durable recovery: actual service kill preserves identity, exact receipt and consumed anchors
  ---
  duration_ms: 10755.7976
  type: 'test'
  ...
# Subtest: durable recovery: revocation survives service death and coordinator reopening
ok 163 - durable recovery: revocation survives service death and coordinator reopening
  ---
  duration_ms: 19572.9249
  type: 'test'
  ...
# Subtest: durable recovery: independent second coordinator cannot acquire active state
ok 164 - durable recovery: independent second coordinator cannot acquire active state
  ---
  duration_ms: 6498.7062
  type: 'test'
  ...
# Subtest: durable recovery: an existing node writer blocks coordinator recovery without changing its cache
ok 165 - durable recovery: an existing node writer blocks coordinator recovery without changing its cache
  ---
  duration_ms: 17533.0268
  type: 'test'
  ...
# Subtest: durable recovery: actual coordinator kill after execution reconciles one retained receipt
ok 166 - durable recovery: actual coordinator kill after execution reconciles one retained receipt
  ---
  duration_ms: 14989.3984
  type: 'test'
  ...
# Subtest: durable recovery: unresolved persisted request never becomes an automatic new execution
ok 167 - durable recovery: unresolved persisted request never becomes an automatic new execution
  ---
  duration_ms: 14025.8526
  type: 'test'
  ...
# Subtest: durable recovery: ciphertext corruption cannot silently create fresh authority
ok 168 - durable recovery: ciphertext corruption cannot silently create fresh authority
  ---
  duration_ms: 8949.8276
  type: 'test'
  ...
# Subtest: durable recovery: ledger truncated behind its committed checkpoint fails closed
ok 169 - durable recovery: ledger truncated behind its committed checkpoint fails closed
  ---
  duration_ms: 9207.5376
  type: 'test'
  ...
# Subtest: durable recovery: rehashed forged ledger suffix lacks authority signature
ok 170 - durable recovery: rehashed forged ledger suffix lacks authority signature
  ---
  duration_ms: 11161.511
  type: 'test'
  ...
# Subtest: durable recovery: an older valid service snapshot cannot erase committed execution evidence
ok 171 - durable recovery: an older valid service snapshot cannot erase committed execution evidence
  ---
  duration_ms: 13352.5107
  type: 'test'
  ...
# Subtest: durable recovery: cache signatures, request keys and consumed anchors are independently bound
ok 172 - durable recovery: cache signatures, request keys and consumed anchors are independently bound
  ---
  duration_ms: 8702.8355
  type: 'test'
  ...
# Subtest: durable recovery: authenticated storage does not excuse malformed cache records
ok 173 - durable recovery: authenticated storage does not excuse malformed cache records
  ---
  duration_ms: 18960.8185
  type: 'test'
  ...
# Subtest: security: consumed session evidence anchor cannot authorize a second divergent request
ok 174 - security: consumed session evidence anchor cannot authorize a second divergent request
  ---
  duration_ms: 1289.963
  type: 'test'
  ...
# Subtest: security: subject cannot lower route cost below an authority budget by rewriting route metrics
ok 175 - security: subject cannot lower route cost below an authority budget by rewriting route metrics
  ---
  duration_ms: 1166.6724
  type: 'test'
  ...
# Subtest: security: concurrent exact retries return one execution and identical receipt
ok 176 - security: concurrent exact retries return one execution and identical receipt
  ---
  duration_ms: 1278.7652
  type: 'test'
  ...
# Subtest: security: trusted provider receipt cannot relabel world, capability or result status
ok 177 - security: trusted provider receipt cannot relabel world, capability or result status
  ---
  duration_ms: 1154.6803
  type: 'test'
  ...
# Subtest: security: authority-issued source node binding cannot be replaced by the subject
ok 178 - security: authority-issued source node binding cannot be replaced by the subject
  ---
  duration_ms: 1136.528
  type: 'test'
  ...
# Subtest: security: signed slow requests have a hard concurrency bound and forged senders never invoke handlers
ok 179 - security: signed slow requests have a hard concurrency bound and forged senders never invoke handlers
  ---
  duration_ms: 23.9204
  type: 'test'
  ...
# Subtest: security: request timeout cancels a bandwidth-delayed UDP transmission
ok 180 - security: request timeout cancels a bandwidth-delayed UDP transmission
  ---
  duration_ms: 95.9447
  type: 'test'
  ...
# Subtest: security: forwarding rejects skipped ingress hops, cycles, unknown edges and tampering
ok 181 - security: forwarding rejects skipped ingress hops, cycles, unknown edges and tampering
  ---
  duration_ms: 779.8472
  type: 'test'
  ...
# Subtest: all ten shared projections validate real signed runtime data with Python jsonschema and reject malformed fields
ok 182 - all ten shared projections validate real signed runtime data with Python jsonschema and reject malformed fields
  ---
  duration_ms: 12434.1086
  type: 'test'
  ...
# {"engine":"python-jsonschema-Draft202012Validator","positiveRuntimeObjects":10,"malformedRejections":11,"directory":"C:\\\\Users\\\\User\\\\.codex\\\\.chatgpt-projects\\\\g-p-6a437af98cc08191af8185180f66b55e\\\\work\\\\TaoWind-Next-Internet\\\\.runs\\\\shared-ir\\\\run-DhBm1Q"}
# Subtest: protocol registry distinguishes bounded implemented behaviors from all sixteen roadmap domains
ok 183 - protocol registry distinguishes bounded implemented behaviors from all sixteen roadmap domains
  ---
  duration_ms: 2.6544
  type: 'test'
  ...
# Subtest: subject and capability addresses round-trip
ok 184 - subject and capability addresses round-trip
  ---
  duration_ms: 1.2579
  type: 'test'
  ...
# Subtest: node directory discovers compatible capability and expires stale nodes
ok 185 - node directory discovers compatible capability and expires stale nodes
  ---
  duration_ms: 1.4018
  type: 'test'
  ...
# Subtest: route graph selects lower-cost multi-hop path
ok 186 - route graph selects lower-cost multi-hop path
  ---
  duration_ms: 0.7203
  type: 'test'
  ...
# Subtest: forward envelope is fail-closed on wrong hop and decrements ttl
ok 187 - forward envelope is fail-closed on wrong hop and decrements ttl
  ---
  duration_ms: 0.5098
  type: 'test'
  ...
# Subtest: security provider registry rejects non-production-safe profile
ok 188 - security provider registry rejects non-production-safe profile
  ---
  duration_ms: 0.1701
  type: 'test'
  ...
# Subtest: transport provider registry selects by predicate
ok 189 - transport provider registry selects by predicate
  ---
  duration_ms: 0.1084
  type: 'test'
  ...
# Subtest: session migration preserves subjects, authority and receipt continuity anchor
ok 190 - session migration preserves subjects, authority and receipt continuity anchor
  ---
  duration_ms: 0.7491
  type: 'test'
  ...
# Subtest: OPP CHP bridge emits schema-compatible offer shape and deterministic agreement
ok 191 - OPP CHP bridge emits schema-compatible offer shape and deterministic agreement
  ---
  duration_ms: 0.3515
  type: 'test'
  ...
# Subtest: three real UDP localhost nodes forward one TINP frame across two hops
ok 192 - three real UDP localhost nodes forward one TINP frame across two hops
  ---
  duration_ms: 31.5069
  type: 'test'
  ...
# Subtest: wire frame round-trips with fixed header
ok 193 - wire frame round-trips with fixed header
  ---
  duration_ms: 1.6614
  type: 'test'
  ...
# Subtest: wire corruption is fail-closed
ok 194 - wire corruption is fail-closed
  ---
  duration_ms: 0.3797
  type: 'test'
  ...
# Subtest: authority negotiation never expands beyond intersection
ok 195 - authority negotiation never expands beyond intersection
  ---
  duration_ms: 1.5677
  type: 'test'
  ...
# Subtest: capability router picks highest-priority compatible provider
ok 196 - capability router picks highest-priority compatible provider
  ---
  duration_ms: 0.2942
  type: 'test'
  ...
# Subtest: unroutable capability fails closed
ok 197 - unroutable capability fails closed
  ---
  duration_ms: 0.1965
  type: 'test'
  ...
# Subtest: intent executes and creates evidence-chained receipt
ok 198 - intent executes and creates evidence-chained receipt
  ---
  duration_ms: 0.5321
  type: 'test'
  ...
# Subtest: payload cannot select executable/provider or grant authority
ok 199 - payload cannot select executable/provider or grant authority
  ---
  duration_ms: 0.309
  type: 'test'
  ...
# Subtest: wrong subject cannot use session
ok 200 - wrong subject cannot use session
  ---
  duration_ms: 0.1753
  type: 'test'
  ...
# Subtest: revocation immediately invalidates session
ok 201 - revocation immediately invalidates session
  ---
  duration_ms: 0.2232
  type: 'test'
  ...
# Subtest: production session refuses none-test security profile
ok 202 - production session refuses none-test security profile
  ---
  duration_ms: 0.1701
  type: 'test'
  ...
# Subtest: OPP CHP projection preserves TINP capability and authority declarations without granting authority
ok 203 - OPP CHP projection preserves TINP capability and authority declarations without granting authority
  ---
  duration_ms: 0.2294
  type: 'test'
  ...
# Subtest: RNR state packet can be carried as a named payload profile
ok 204 - RNR state packet can be carried as a named payload profile
  ---
  duration_ms: 0.1519
  type: 'test'
  ...
# Subtest: UDP reference transport performs real localhost wire round-trip
ok 205 - UDP reference transport performs real localhost wire round-trip
  ---
  duration_ms: 29.5303
  type: 'test'
  ...
1..205
# tests 205
# suites 0
# pass 205
# fail 0
# cancelled 0
# skipped 0
# todo 0
# duration_ms 834142.6646
