TAP version 13
# Subtest: real AAF signature authorizes the exact bounded challenge through the external public key
ok 1 - real AAF signature authorizes the exact bounded challenge through the external public key
  ---
  duration_ms: 6.3005
  type: 'test'
  ...
# Subtest: unsigned, cryptographically tampered, or incorrectly rooted approvals fail
ok 2 - unsigned, cryptographically tampered, or incorrectly rooted approvals fail
  ---
  duration_ms: 1.9328
  type: 'test'
  ...
# Subtest: replacement keys cannot satisfy the pin even with a valid signature
ok 3 - replacement keys cannot satisfy the pin even with a valid signature
  ---
  duration_ms: 1.3728
  type: 'test'
  ...
# Subtest: key revocation metadata must be explicit false and cannot carry inline private material
ok 4 - key revocation metadata must be explicit false and cannot carry inline private material
  ---
  duration_ms: 1.4319
  type: 'test'
  ...
# Subtest: challenge, signer, and approver bindings are independent hard gates
ok 5 - challenge, signer, and approver bindings are independent hard gates
  ---
  duration_ms: 0.8146
  type: 'test'
  ...
# Subtest: scope and role profiles reject wildcards, extra roles, and conditions
ok 6 - scope and role profiles reject wildcards, extra roles, and conditions
  ---
  duration_ms: 1.6118
  type: 'test'
  ...
# Subtest: time windows reject future, expired, overlong, invalid and noncanonical timestamps
ok 7 - time windows reject future, expired, overlong, invalid and noncanonical timestamps
  ---
  duration_ms: 2.6504
  type: 'test'
  ...
# Subtest: historical authorization can be verified at its admission time but cannot renew current authority
ok 8 - historical authorization can be verified at its admission time but cannot renew current authority
  ---
  duration_ms: 0.6487
  type: 'test'
  ...
# Subtest: approval shape rejects inline keys, extra fields, accessors, and prototype fields
ok 9 - approval shape rejects inline keys, extra fields, accessors, and prototype fields
  ---
  duration_ms: 1.1919
  type: 'test'
  ...
# Subtest: canonical signature encoding rejects extra bytes, whitespace, and altered algorithm
ok 10 - canonical signature encoding rejects extra bytes, whitespace, and altered algorithm
  ---
  duration_ms: 0.9878
  type: 'test'
  ...
# Subtest: policy validation rejects root drift, wildcard policy, public keys, and non-Ed25519 keys
ok 11 - policy validation rejects root drift, wildcard policy, public keys, and non-Ed25519 keys
  ---
  duration_ms: 0.7462
  type: 'test'
  ...
# Subtest: external keyring entry accessors are rejected without evaluation
ok 12 - external keyring entry accessors are rejected without evaluation
  ---
  duration_ms: 0.4999
  type: 'test'
  ...
# Subtest: vendored AAF bytes match the recorded git HEAD provenance hashes
ok 13 - vendored AAF bytes match the recorded git HEAD provenance hashes
  ---
  duration_ms: 0.808
  type: 'test'
  ...
# Subtest: authority registry CLI verifies an external snapshot and derives a role keyring
ok 14 - authority registry CLI verifies an external snapshot and derives a role keyring
  ---
  duration_ms: 1396.901
  type: 'test'
  ...
# Subtest: recovery-anchor status can opt into the signed registry bridge
ok 15 - recovery-anchor status can opt into the signed registry bridge
  ---
  duration_ms: 7574.4504
  type: 'test'
  ...
# Subtest: authority registry convergence CLI verifies a contiguous history
ok 16 - authority registry convergence CLI verifies a contiguous history
  ---
  duration_ms: 425.6992
  type: 'test'
  ...
# Subtest: authority registry convergence store CLI appends, verifies and rejects rollback
ok 17 - authority registry convergence store CLI appends, verifies and rejects rollback
  ---
  duration_ms: 2859.6051
  type: 'test'
  ...
# Subtest: store persists the first verified history and reloads it
ok 18 - store persists the first verified history and reloads it
  ---
  duration_ms: 449.5257
  type: 'test'
  ...
# Subtest: store accepts an exact full-history extension and makes replay idempotent
ok 19 - store accepts an exact full-history extension and makes replay idempotent
  ---
  duration_ms: 1472.3754
  type: 'test'
  ...
# Subtest: store rejects rollback and prefix rewrite without changing durable bytes
ok 20 - store rejects rollback and prefix rewrite without changing durable bytes
  ---
  duration_ms: 1064.7654
  type: 'test'
  ...
# Subtest: store detects tampered history roots and malformed state before use
ok 21 - store detects tampered history roots and malformed state before use
  ---
  duration_ms: 620.4243
  type: 'test'
  ...
# Subtest: store rejects a changed policy and keeps the existing history
ok 22 - store rejects a changed policy and keeps the existing history
  ---
  duration_ms: 1055.38
  type: 'test'
  ...
# Subtest: authority registry convergence witness CLI requests and verifies an external binding
ok 23 - authority registry convergence witness CLI requests and verifies an external binding
  ---
  duration_ms: 1447.0399
  type: 'test'
  ...
# Subtest: external witness binds one exact convergence-store state
ok 24 - external witness binds one exact convergence-store state
  ---
  duration_ms: 10.6342
  type: 'test'
  ...
# Subtest: witness chain accepts extension and rejects rollback or same-sequence replacement
ok 25 - witness chain accepts extension and rejects rollback or same-sequence replacement
  ---
  duration_ms: 10.8596
  type: 'test'
  ...
# Subtest: witness rejects a store replacement even when the replacement is structurally valid
ok 26 - witness rejects a store replacement even when the replacement is structurally valid
  ---
  duration_ms: 3.0511
  type: 'test'
  ...
# Subtest: witness key, signature, time and object boundaries fail closed
ok 27 - witness key, signature, time and object boundaries fail closed
  ---
  duration_ms: 5.4912
  type: 'test'
  ...
# Subtest: convergence bundle verifies a contiguous history with a stable mirror quorum
ok 28 - convergence bundle verifies a contiguous history with a stable mirror quorum
  ---
  duration_ms: 12.2083
  type: 'test'
  ...
# Subtest: same-sequence alternate roots are rejected as a historical fork
ok 29 - same-sequence alternate roots are rejected as a historical fork
  ---
  duration_ms: 6.5455
  type: 'test'
  ...
# Subtest: missing sequence and broken predecessor are rejected before distributed history is accepted
ok 30 - missing sequence and broken predecessor are rejected before distributed history is accepted
  ---
  duration_ms: 5.925
  type: 'test'
  ...
# Subtest: mirror set drift is visible even when each snapshot individually reaches threshold
ok 31 - mirror set drift is visible even when each snapshot individually reaches threshold
  ---
  duration_ms: 4.8738
  type: 'test'
  ...
# Subtest: duplicate snapshots, root drift and accessors fail closed
ok 32 - duplicate snapshots, root drift and accessors fail closed
  ---
  duration_ms: 4.0718
  type: 'test'
  ...
# Subtest: independent local hosts replay public history and retain unresolved conflicts
ok 33 - independent local hosts replay public history and retain unresolved conflicts
  ---
  duration_ms: 5722.3939
  type: 'test'
  ...
# Subtest: authority registry distribution CLI verifies a quorum bundle and rejects unknown flags
ok 34 - authority registry distribution CLI verifies a quorum bundle and rejects unknown flags
  ---
  duration_ms: 652.6769
  type: 'test'
  ...
# Subtest: distribution policy and mirror quorum converge on one signed registry root
ok 35 - distribution policy and mirror quorum converge on one signed registry root
  ---
  duration_ms: 10.4641
  type: 'test'
  ...
# Subtest: validly signed conflicting mirror receipt is rejected as a deterministic fork
ok 36 - validly signed conflicting mirror receipt is rejected as a deterministic fork
  ---
  duration_ms: 3.5281
  type: 'test'
  ...
# Subtest: quorum and receipt validity are bounded by caller time and threshold
ok 37 - quorum and receipt validity are bounded by caller time and threshold
  ---
  duration_ms: 3.2618
  type: 'test'
  ...
# Subtest: mirror key replacement, revocation, duplicate and ordering fail closed
ok 38 - mirror key replacement, revocation, duplicate and ordering fail closed
  ---
  duration_ms: 3.5931
  type: 'test'
  ...
# Subtest: strict object and private-key boundaries reject accessors and private mirror material
ok 39 - strict object and private-key boundaries reject accessors and private mirror material
  ---
  duration_ms: 2.1282
  type: 'test'
  ...
# Subtest: TINP loopback DATA transport transfers public history and retains rejects
ok 40 - TINP loopback DATA transport transfers public history and retains rejects
  ---
  duration_ms: 5326.512
  type: 'test'
  ...
# Subtest: resumable transfer journal persists cursors and makes duplicate chunks idempotent
ok 41 - resumable transfer journal persists cursors and makes duplicate chunks idempotent
  ---
  duration_ms: 1727.5834
  type: 'test'
  ...
# Subtest: resumable transfer rejects altered chunks, manifests and incomplete commits without mutation
ok 42 - resumable transfer rejects altered chunks, manifests and incomplete commits without mutation
  ---
  duration_ms: 0.8731
  type: 'test'
  ...
# Subtest: TLS resumable transfer resumes a durable public journal after receiver restart
ok 43 - TLS resumable transfer resumes a durable public journal after receiver restart
  ---
  duration_ms: 12858.9131
  type: 'test'
  ...
# Subtest: TINP TLS loopback transfers public history with certificate pinning
ok 44 - TINP TLS loopback transfers public history with certificate pinning
  ---
  duration_ms: 6658.6419
  type: 'test'
  ...
# Subtest: TLS loopback rejects a peer certificate outside the configured CA pin
ok 45 - TLS loopback rejects a peer certificate outside the configured CA pin
  ---
  duration_ms: 1067.653
  type: 'test'
  ...
# Subtest: authority registry policy and snapshot are signed by an independent issuer
ok 46 - authority registry policy and snapshot are signed by an independent issuer
  ---
  duration_ms: 284.0487
  type: 'test'
  ...
# Subtest: append-only registry rotation revokes old members and cannot escalate roles
ok 47 - append-only registry rotation revokes old members and cannot escalate roles
  ---
  duration_ms: 379.3818
  type: 'test'
  ...
# Subtest: registry chain rejects forged signatures, rollback and replaced predecessors
ok 48 - registry chain rejects forged signatures, rollback and replaced predecessors
  ---
  duration_ms: 257.9245
  type: 'test'
  ...
# Subtest: issuer revocation, key replacement and missing member material fail closed
ok 49 - issuer revocation, key replacement and missing member material fail closed
  ---
  duration_ms: 318.9389
  type: 'test'
  ...
# Subtest: strict object and time boundaries reject accessors, resurrection and stale snapshots
ok 50 - strict object and time boundaries reject accessors, resurrection and stale snapshots
  ---
  duration_ms: 428.4161
  type: 'test'
  ...
# Subtest: authenticated network rejects mutated transaction facts before any provider execution
ok 51 - authenticated network rejects mutated transaction facts before any provider execution
  ---
  duration_ms: 1533.2646
  type: 'test'
  ...
# Subtest: concurrent exact retry executes once; changed request content cannot replay
ok 52 - concurrent exact retry executes once; changed request content cannot replay
  ---
  duration_ms: 1808.6657
  type: 'test'
  ...
# Subtest: receipt mutation and durable ledger tampering cannot become verified evidence
ok 53 - receipt mutation and durable ledger tampering cannot become verified evidence
  ---
  duration_ms: 1476.2763
  type: 'test'
  ...
# Subtest: bounded path selection applies cost, region, latency and energy together
ok 54 - bounded path selection applies cost, region, latency and energy together
  ---
  duration_ms: 1.8222
  type: 'test'
  ...
# Subtest: deterministic malformed wire corpus rejects framing errors
ok 55 - deterministic malformed wire corpus rejects framing errors
  ---
  duration_ms: 2.6559
  type: 'test'
  ...
# Subtest: integrated RCL migration rejects a changed subject before issuing a replacement
ok 56 - integrated RCL migration rejects a changed subject before issuing a replacement
  ---
  duration_ms: 1720.8102
  type: 'test'
  ...
# Subtest: integrated RCL route gate enforces signed latency and energy budgets from trusted edges
ok 57 - integrated RCL route gate enforces signed latency and energy budgets from trusted edges
  ---
  duration_ms: 1493.6751
  type: 'test'
  ...
# Subtest: an ambiguous lost response reconciles the exact signed request without a second execution
ok 58 - an ambiguous lost response reconciles the exact signed request without a second execution
  ---
  duration_ms: 1118.1072
  type: 'test'
  ...
# Subtest: operator CLI imports an independently signed AAF approval and preserves the old revoked lease
ok 59 - operator CLI imports an independently signed AAF approval and preserves the old revoked lease
  ---
  duration_ms: 28898.2749
  type: 'test'
  ...
# Subtest: external operator pin is immutable and persisted as a fingerprint without the external keyring or private signer
ok 60 - external operator pin is immutable and persisted as a fingerprint without the external keyring or private signer
  ---
  duration_ms: 20216.9865
  type: 'test'
  ...
# Subtest: pinned operator requires a signed approval and the matching currently unrevoked external key before any revocation
ok 61 - pinned operator requires a signed approval and the matching currently unrevoked external key before any revocation
  ---
  duration_ms: 13128.8409
  type: 'test'
  ...
# Subtest: valid external signatures for another challenge, signer identity, scope or expired interval grant no retirement
ok 62 - valid external signatures for another challenge, signer identity, scope or expired interval grant no retirement
  ---
  duration_ms: 15040.4917
  type: 'test'
  ...
# Subtest: operator revocation after actual node acknowledgements is rechecked and cannot commit a terminal
ok 63 - operator revocation after actual node acknowledgements is rechecked and cannot commit a terminal
  ---
  duration_ms: 19068.8121
  type: 'test'
  ...
# Subtest: approval expiry while waiting for real node acknowledgements retains pending and produces no terminal
ok 64 - approval expiry while waiting for real node acknowledgements retains pending and produces no terminal
  ---
  duration_ms: 16620.8303
  type: 'test'
  ...
# Subtest: authenticated checkpoint cannot drop or replace an operator pin already recorded in the signed ledger
ok 65 - authenticated checkpoint cannot drop or replace an operator pin already recorded in the signed ledger
  ---
  duration_ms: 17687.3326
  type: 'test'
  ...
# Subtest: actual coordinator crash finalizes a historical approval after expiry while requiring its external nonrevoked key
ok 66 - actual coordinator crash finalizes a historical approval after expiry while requiring its external nonrevoked key
  ---
  duration_ms: 36382.9854
  type: 'test'
  ...
# Subtest: a coordinator-signed terminal cannot forge external approval or recorded authorization evidence
ok 67 - a coordinator-signed terminal cannot forge external approval or recorded authorization evidence
  ---
  duration_ms: 38631.7475
  type: 'test'
  ...
# Subtest: real upstream OPP preserves Unicode and returns non-authoritative exact contract
ok 68 - real upstream OPP preserves Unicode and returns non-authoritative exact contract
  ---
  duration_ms: 553.7559
  type: 'test'
  ...
# Subtest: upstream rejects schema drift and intersects scopes without granting authority
ok 69 - upstream rejects schema drift and intersects scopes without granting authority
  ---
  duration_ms: 639.1815
  type: 'test'
  ...
# Subtest: profile version mismatch fails before contract use
ok 70 - profile version mismatch fails before contract use
  ---
  duration_ms: 687.3818
  type: 'test'
  ...
# Subtest: missing required schema fails closed
ok 71 - missing required schema fails closed
  ---
  duration_ms: 539.5757
  type: 'test'
  ...
# Subtest: policy and request roots are deterministic and bind the pinned OPP profile
ok 72 - policy and request roots are deterministic and bind the pinned OPP profile
  ---
  duration_ms: 17.1058
  type: 'test'
  ...
# Subtest: readonly adapter performs one explicit JSON GET and returns a rooted receipt
ok 73 - readonly adapter performs one explicit JSON GET and returns a rooted receipt
  ---
  duration_ms: 23.3741
  type: 'test'
  ...
# Subtest: ambient proxy configuration fails closed before fetch
ok 74 - ambient proxy configuration fails closed before fetch
  ---
  duration_ms: 0.6591
  type: 'test'
  ...
# Subtest: network failure is one attempt and does not retry
ok 75 - network failure is one attempt and does not retry
  ---
  duration_ms: 1.5173
  type: 'test'
  ...
# Subtest: response size, redirect/status, and media type boundaries fail closed
ok 76 - response size, redirect/status, and media type boundaries fail closed
  ---
  duration_ms: 2.1138
  type: 'test'
  ...
# Subtest: host and credential boundaries reject before execution
ok 77 - host and credential boundaries reject before execution
  ---
  duration_ms: 1.0642
  type: 'test'
  ...
# Subtest: nested header and policy field shapes fail closed before a fetch
ok 78 - nested header and policy field shapes fail closed before a fetch
  ---
  duration_ms: 0.7005
  type: 'test'
  ...
# Subtest: encoded path traversal and malformed environment fail closed
ok 79 - encoded path traversal and malformed environment fail closed
  ---
  duration_ms: 1.3622
  type: 'test'
  ...
# Subtest: successful responses require a JSON object and consistent response metadata
ok 80 - successful responses require a JSON object and consistent response metadata
  ---
  duration_ms: 1.0039
  type: 'test'
  ...
# Subtest: pending CLI: inspect then retire unsent pending without resending
ok 81 - pending CLI: inspect then retire unsent pending without resending
  ---
  duration_ms: 30708.8606
  type: 'test'
  ...
# Subtest: pending CLI: retrieve executed receipt without resending
ok 82 - pending CLI: retrieve executed receipt without resending
  ---
  duration_ms: 19497.1254
  type: 'test'
  ...
# Subtest: pending inspector is offline, nonmutating, redacted and refuses missing state without creating it
ok 83 - pending inspector is offline, nonmutating, redacted and refuses missing state without creating it
  ---
  duration_ms: 13737.8086
  type: 'test'
  ...
# Subtest: maintenance denies direct execution and service restart cannot activate a provider
ok 84 - maintenance denies direct execution and service restart cannot activate a provider
  ---
  duration_ms: 16954.1981
  type: 'test'
  ...
# Subtest: retirement root and explicit confirmation fail before any durable mutation
ok 85 - retirement root and explicit confirmation fail before any durable mutation
  ---
  duration_ms: 13486.748
  type: 'test'
  ...
# Subtest: authenticated pending state binds its public root, target and whole route even when the route root is unchanged
ok 86 - authenticated pending state binds its public root, target and whole route even when the route root is unchanged
  ---
  duration_ms: 17879.4787
  type: 'test'
  ...
# Subtest: retirement missing one live acknowledgement preserves pending and resumes only with full revocation evidence
ok 87 - retirement missing one live acknowledgement preserves pending and resumes only with full revocation evidence
  ---
  duration_ms: 23549.8918
  type: 'test'
  ...
# Subtest: actual coordinator death after retirement prefix commit recovers without execution or lease renewal
ok 88 - actual coordinator death after retirement prefix commit recovers without execution or lease renewal
  ---
  duration_ms: 28130.2591
  type: 'test'
  ...
# Subtest: actual coordinator death after retirement suffix commit recovers without execution or lease renewal
ok 89 - actual coordinator death after retirement suffix commit recovers without execution or lease renewal
  ---
  duration_ms: 25529.4127
  type: 'test'
  ...
# Subtest: authority-signed terminal does not excuse missing node evidence, wrong epoch or fake RCL admission
ok 90 - authority-signed terminal does not excuse missing node evidence, wrong epoch or fake RCL admission
  ---
  duration_ms: 41272.3789
  type: 'test'
  ...
# Subtest: udp: Chinese life intent executes through three independent local processes and two socket hops
ok 91 - udp: Chinese life intent executes through three independent local processes and two socket hops
  ---
  duration_ms: 1822.8369
  type: 'test'
  ...
# Local process/socket evidence: C:\\Users\\User\\.codex\\.chatgpt-projects\\g-p-6a437af98cc08191af8185180f66b55e\\work\\TaoWind-Next-Internet\\.runs\\profiles\\run-3dcYMD
# Subtest: tcp: Chinese life intent executes through three independent local processes and two socket hops
ok 92 - tcp: Chinese life intent executes through three independent local processes and two socket hops
  ---
  duration_ms: 1498.6821
  type: 'test'
  ...
# Local process/socket evidence: C:\\Users\\User\\.codex\\.chatgpt-projects\\g-p-6a437af98cc08191af8185180f66b55e\\work\\TaoWind-Next-Internet\\.runs\\profiles\\run-1ZfYEE
# Subtest: commercial: contract-identical provider replacement executes; semantic drift rolls back; missing provider migrates to B
ok 93 - commercial: contract-identical provider replacement executes; semantic drift rolls back; missing provider migrates to B
  ---
  duration_ms: 5226.0477
  type: 'test'
  ...
# Local process/socket evidence: C:\\Users\\User\\.codex\\.chatgpt-projects\\g-p-6a437af98cc08191af8185180f66b55e\\work\\TaoWind-Next-Internet\\.runs\\profiles\\run-6e449y
# Subtest: degraded: killing relay B causes authenticated direct A-C execution without authority or evidence loss
ok 94 - degraded: killing relay B causes authenticated direct A-C execution without authority or evidence loss
  ---
  duration_ms: 4435.7219
  type: 'test'
  ...
# Local process/socket evidence: C:\\Users\\User\\.codex\\.chatgpt-projects\\g-p-6a437af98cc08191af8185180f66b55e\\work\\TaoWind-Next-Internet\\.runs\\profiles\\run-lt6M62
# Subtest: partition: actual links blocked on both sides preserve local isolated capability without remote execution
ok 95 - partition: actual links blocked on both sides preserve local isolated capability without remote execution
  ---
  duration_ms: 3104.1165
  type: 'test'
  ...
# Local process/socket evidence: C:\\Users\\User\\.codex\\.chatgpt-projects\\g-p-6a437af98cc08191af8185180f66b55e\\work\\TaoWind-Next-Internet\\.runs\\profiles\\run-kJ3Z7X
# Subtest: degraded: a real link failure with B still alive reroutes socket traffic over A-C
ok 96 - degraded: a real link failure with B still alive reroutes socket traffic over A-C
  ---
  duration_ms: 1557.0903
  type: 'test'
  ...
# Local process/socket evidence: C:\\Users\\User\\.codex\\.chatgpt-projects\\g-p-6a437af98cc08191af8185180f66b55e\\work\\TaoWind-Next-Internet\\.runs\\profiles\\run-HMiGQs
# Subtest: survival: every provider disappears; no execution is fabricated and identity/session/durable prefix survive
ok 97 - survival: every provider disappears; no execution is fabricated and identity/session/durable prefix survive
  ---
  duration_ms: 1522.7333
  type: 'test'
  ...
# Local process/socket evidence: C:\\Users\\User\\.codex\\.chatgpt-projects\\g-p-6a437af98cc08191af8185180f66b55e\\work\\TaoWind-Next-Internet\\.runs\\profiles\\run-urNpZ7
# Subtest: commercial: source migration A to B preserves subject, session, authority and a verifiable durable evidence chain
ok 98 - commercial: source migration A to B preserves subject, session, authority and a verifiable durable evidence chain
  ---
  duration_ms: 2086.0747
  type: 'test'
  ...
# Local process/socket evidence: C:\\Users\\User\\.codex\\.chatgpt-projects\\g-p-6a437af98cc08191af8185180f66b55e\\work\\TaoWind-Next-Internet\\.runs\\profiles\\run-yMwliy
# Subtest: commercial: protocol downgrade is negotiated and an unsupported provider version fails over without invoking it
ok 99 - commercial: protocol downgrade is negotiated and an unsupported provider version fails over without invoking it
  ---
  duration_ms: 1717.6247
  type: 'test'
  ...
# Local process/socket evidence: C:\\Users\\User\\.codex\\.chatgpt-projects\\g-p-6a437af98cc08191af8185180f66b55e\\work\\TaoWind-Next-Internet\\.runs\\profiles\\run-S3tJkS
# Subtest: degraded: actual socket send throttling delays bytes while the same guarded operation still executes
ok 100 - degraded: actual socket send throttling delays bytes while the same guarded operation still executes
  ---
  duration_ms: 2896.3867
  type: 'test'
  ...
# Local process/socket evidence: C:\\Users\\User\\.codex\\.chatgpt-projects\\g-p-6a437af98cc08191af8185180f66b55e\\work\\TaoWind-Next-Internet\\.runs\\profiles\\run-QLHSn4
# {"profile":"actual-throttled-local-udp","sentBytes":16054,"bytesPerSecond":16000,"elapsedMs":1934.1903999999995,"nominalDelayMs":1003.375,"probeBytes":4916,"probeElapsedMs":362.20400000000154,"probeNominalMs":307.25}
# Subtest: protected storage rejects missing purpose and unsupported platforms
ok 101 - protected storage rejects missing purpose and unsupported platforms
  ---
  duration_ms: 2.0008
  type: 'test'
  ...
# Subtest: actual current-user DPAPI roundtrip protects Ed25519 private keys on disk
ok 102 - actual current-user DPAPI roundtrip protects Ed25519 private keys on disk
  ---
  duration_ms: 1745.7988
  type: 'test'
  ...
# Subtest: DPAPI purpose binding rejects a different state domain without changing ciphertext
ok 103 - DPAPI purpose binding rejects a different state domain without changing ciphertext
  ---
  duration_ms: 2354.1141
  type: 'test'
  ...
# Subtest: corrupted header, ciphertext and truncation all fail closed
ok 104 - corrupted header, ciphertext and truncation all fail closed
  ---
  duration_ms: 824.0374
  type: 'test'
  ...
# Subtest: atomic snapshot overwrite retains latest state and leaves no temporary files
ok 105 - atomic snapshot overwrite retains latest state and leaves no temporary files
  ---
  duration_ms: 1844.5869
  type: 'test'
  ...
# Subtest: DPAPI rejects modified protected content even when the outer checksum is recomputed
ok 106 - DPAPI rejects modified protected content even when the outer checksum is recomputed
  ---
  duration_ms: 1070.1947
  type: 'test'
  ...
# Subtest: unavailable provider preserves last snapshot and never writes a plaintext fallback
ok 107 - unavailable provider preserves last snapshot and never writes a plaintext fallback
  ---
  duration_ms: 1232.1783
  type: 'test'
  ...
# Subtest: a fresh Node process recovers the same protected private key and session
ok 108 - a fresh Node process recovers the same protected private key and session
  ---
  duration_ms: 1736.4947
  type: 'test'
  ...
# Subtest: invalid JSON payload inputs do not overwrite a healthy snapshot
ok 109 - invalid JSON payload inputs do not overwrite a healthy snapshot
  ---
  duration_ms: 1315.8579
  type: 'test'
  ...
# Subtest: fixed RCL source compiles and admits authenticated matching observations
ok 110 - fixed RCL source compiles and admits authenticated matching observations
  ---
  duration_ms: 25.915
  type: 'test'
  ...
# Subtest: each semantic predicate independently denies in RCL
ok 111 - each semantic predicate independently denies in RCL
  ---
  duration_ms: 33.4993
  type: 'test'
  ...
# Subtest: missing, malformed, accessor and injection inputs fail closed without compilation
ok 112 - missing, malformed, accessor and injection inputs fail closed without compilation
  ---
  duration_ms: 2.8178
  type: 'test'
  ...
# Subtest: facts are snapshotted before asynchronous execution and requests stay isolated
ok 113 - facts are snapshotted before asynchronous execution and requests stay isolated
  ---
  duration_ms: 23.6164
  type: 'test'
  ...
# Subtest: RCL admits scope attenuation, equal expiry and scope order independence
ok 114 - RCL admits scope attenuation, equal expiry and scope order independence
  ---
  duration_ms: 34.4466
  type: 'test'
  ...
# Subtest: identity, continuity, world, expiry and scope expansion are independently denied in RCL
ok 115 - identity, continuity, world, expiry and scope expansion are independently denied in RCL
  ---
  duration_ms: 14.4258
  type: 'test'
  ...
# Subtest: missing fields, invalid timestamps and malformed scope sets fail closed
ok 116 - missing fields, invalid timestamps and malformed scope sets fail closed
  ---
  duration_ms: 1.3044
  type: 'test'
  ...
# Subtest: scope snapshots and concurrent migration decisions remain isolated
ok 117 - scope snapshots and concurrent migration decisions remain isolated
  ---
  duration_ms: 13.7094
  type: 'test'
  ...
# Subtest: fixed RCL pending retirement compiles and records actual runtime admission
ok 118 - fixed RCL pending retirement compiles and records actual runtime admission
  ---
  duration_ms: 24.3103
  type: 'test'
  ...
# Subtest: RCL independently denies every false predicate and mismatched root in the complete truth table
ok 119 - RCL independently denies every false predicate and mismatched root in the complete truth table
  ---
  duration_ms: 30.3783
  type: 'test'
  ...
# Subtest: pending retirement observations reject missing, extra, inherited, accessor and malformed fields
ok 120 - pending retirement observations reject missing, extra, inherited, accessor and malformed fields
  ---
  duration_ms: 3.0752
  type: 'test'
  ...
# Subtest: request root binding is exact and does not silently normalize valid hexadecimal strings
ok 121 - request root binding is exact and does not silently normalize valid hexadecimal strings
  ---
  duration_ms: 4.6897
  type: 'test'
  ...
# Subtest: pending retirement input snapshots remain isolated across mutations and concurrent calls
ok 122 - pending retirement input snapshots remain isolated across mutations and concurrent calls
  ---
  duration_ms: 10.0883
  type: 'test'
  ...
# Subtest: fixed RCL recovery program admits equality, shorter expiry and forward revocation epoch
ok 123 - fixed RCL recovery program admits equality, shorter expiry and forward revocation epoch
  ---
  duration_ms: 38.3897
  type: 'test'
  ...
# Subtest: each identity, lease, revocation, evidence and authentication predicate denies independently in RCL
ok 124 - each identity, lease, revocation, evidence and authentication predicate denies independently in RCL
  ---
  duration_ms: 13.7857
  type: 'test'
  ...
# Subtest: recovery observations reject missing, extra, inherited, accessor and malformed data
ok 125 - recovery observations reject missing, extra, inherited, accessor and malformed data
  ---
  duration_ms: 1.6886
  type: 'test'
  ...
# Subtest: recovery inputs remain data and concurrent snapshots stay isolated
ok 126 - recovery inputs remain data and concurrent snapshots stay isolated
  ---
  duration_ms: 24.2965
  type: 'test'
  ...
# Subtest: loading expired historical state does not admit expired execution
ok 127 - loading expired historical state does not admit expired execution
  ---
  duration_ms: 11.6662
  type: 'test'
  ...
# Subtest: RCL admits fractional metrics, inclusive budgets and zero local route
ok 128 - RCL admits fractional metrics, inclusive budgets and zero local route
  ---
  duration_ms: 33.0854
  type: 'test'
  ...
# Subtest: RCL independently rejects each budget, region, reachability and security failure
ok 129 - RCL independently rejects each budget, region, reachability and security failure
  ---
  duration_ms: 16.6185
  type: 'test'
  ...
# Subtest: missing fields, nonfinite/unsafe/negative metrics and coercion attempts fail closed
ok 130 - missing fields, nonfinite/unsafe/negative metrics and coercion attempts fail closed
  ---
  duration_ms: 0.8367
  type: 'test'
  ...
# Subtest: metrics are snapshotted and concurrent route decisions remain isolated
ok 131 - metrics are snapshotted and concurrent route decisions remain isolated
  ---
  duration_ms: 12.347
  type: 'test'
  ...
# Subtest: recovery-anchor CLI exports a read-only request and imports an external signature
ok 132 - recovery-anchor CLI exports a read-only request and imports an external signature
  ---
  duration_ms: 15155.6994
  type: 'test'
  ...
# Subtest: external recovery anchor pins a public fingerprint, excludes keyring material, and survives restart
ok 133 - external recovery anchor pins a public fingerprint, excludes keyring material, and survives restart
  ---
  duration_ms: 23985.9715
  type: 'test'
  ...
# Subtest: a newer externally signed anchor detects a complete older directory replay
ok 134 - a newer externally signed anchor detects a complete older directory replay
  ---
  duration_ms: 43040.3826
  type: 'test'
  ...
# Subtest: anchor policy and monotonic sequence reject replacement, stale, forged, and revoked trust inputs before writes
ok 135 - anchor policy and monotonic sequence reject replacement, stale, forged, and revoked trust inputs before writes
  ---
  duration_ms: 28535.9867
  type: 'test'
  ...
# Subtest: anchor verification rejects a lower external sequence and a mismatched signer without changing durable state
ok 136 - anchor verification rejects a lower external sequence and a mismatched signer without changing durable state
  ---
  duration_ms: 18733.9952
  type: 'test'
  ...
# Subtest: actual recovery caller witnesses admission and independently denies checkpoint root, epoch and lease expansion
ok 137 - actual recovery caller witnesses admission and independently denies checkpoint root, epoch and lease expansion
  ---
  duration_ms: 2280.9623
  type: 'test'
  ...
# Subtest: actual recovery caller rejects correctly signed session scope, identity, world and expiry violations before RCL
ok 138 - actual recovery caller rejects correctly signed session scope, identity, world and expiry violations before RCL
  ---
  duration_ms: 3741.8798
  type: 'test'
  ...
# Subtest: valid protected checkpoint with a wrong prefix root is rejected by the host before admission
ok 139 - valid protected checkpoint with a wrong prefix root is rejected by the host before admission
  ---
  duration_ms: 4666.2427
  type: 'test'
  ...
# Subtest: authenticated signed crash suffix cannot reissue the checkpoint lease during host recovery
ok 140 - authenticated signed crash suffix cannot reissue the checkpoint lease during host recovery
  ---
  duration_ms: 3563.6051
  type: 'test'
  ...
# Subtest: signed crash suffix cannot expand an attenuated saved session within its wider lease
ok 141 - signed crash suffix cannot expand an attenuated saved session within its wider lease
  ---
  duration_ms: 6933.6083
  type: 'test'
  ...
# Subtest: full process reopening records an actual RCL recovery witness but expired lease execution stays denied
ok 142 - full process reopening records an actual RCL recovery witness but expired lease execution stays denied
  ---
  duration_ms: 13237.3709
  type: 'test'
  ...
# Subtest: durable recovery: actual service kill preserves identity, exact receipt and consumed anchors
ok 143 - durable recovery: actual service kill preserves identity, exact receipt and consumed anchors
  ---
  duration_ms: 12964.8118
  type: 'test'
  ...
# Subtest: durable recovery: revocation survives service death and coordinator reopening
ok 144 - durable recovery: revocation survives service death and coordinator reopening
  ---
  duration_ms: 21212.7639
  type: 'test'
  ...
# Subtest: durable recovery: independent second coordinator cannot acquire active state
ok 145 - durable recovery: independent second coordinator cannot acquire active state
  ---
  duration_ms: 7790.1636
  type: 'test'
  ...
# Subtest: durable recovery: an existing node writer blocks coordinator recovery without changing its cache
ok 146 - durable recovery: an existing node writer blocks coordinator recovery without changing its cache
  ---
  duration_ms: 19242.7452
  type: 'test'
  ...
# Subtest: durable recovery: actual coordinator kill after execution reconciles one retained receipt
ok 147 - durable recovery: actual coordinator kill after execution reconciles one retained receipt
  ---
  duration_ms: 15762.6102
  type: 'test'
  ...
# Subtest: durable recovery: unresolved persisted request never becomes an automatic new execution
ok 148 - durable recovery: unresolved persisted request never becomes an automatic new execution
  ---
  duration_ms: 15344.5093
  type: 'test'
  ...
# Subtest: durable recovery: ciphertext corruption cannot silently create fresh authority
ok 149 - durable recovery: ciphertext corruption cannot silently create fresh authority
  ---
  duration_ms: 10351.9195
  type: 'test'
  ...
# Subtest: durable recovery: ledger truncated behind its committed checkpoint fails closed
ok 150 - durable recovery: ledger truncated behind its committed checkpoint fails closed
  ---
  duration_ms: 7528.7818
  type: 'test'
  ...
# Subtest: durable recovery: rehashed forged ledger suffix lacks authority signature
ok 151 - durable recovery: rehashed forged ledger suffix lacks authority signature
  ---
  duration_ms: 9753.0218
  type: 'test'
  ...
# Subtest: durable recovery: an older valid service snapshot cannot erase committed execution evidence
ok 152 - durable recovery: an older valid service snapshot cannot erase committed execution evidence
  ---
  duration_ms: 15092.4924
  type: 'test'
  ...
# Subtest: durable recovery: cache signatures, request keys and consumed anchors are independently bound
ok 153 - durable recovery: cache signatures, request keys and consumed anchors are independently bound
  ---
  duration_ms: 6939.5203
  type: 'test'
  ...
# Subtest: durable recovery: authenticated storage does not excuse malformed cache records
ok 154 - durable recovery: authenticated storage does not excuse malformed cache records
  ---
  duration_ms: 18513.2009
  type: 'test'
  ...
# Subtest: security: consumed session evidence anchor cannot authorize a second divergent request
ok 155 - security: consumed session evidence anchor cannot authorize a second divergent request
  ---
  duration_ms: 1313.5694
  type: 'test'
  ...
# Subtest: security: subject cannot lower route cost below an authority budget by rewriting route metrics
ok 156 - security: subject cannot lower route cost below an authority budget by rewriting route metrics
  ---
  duration_ms: 1218.975
  type: 'test'
  ...
# Subtest: security: concurrent exact retries return one execution and identical receipt
ok 157 - security: concurrent exact retries return one execution and identical receipt
  ---
  duration_ms: 1168.7685
  type: 'test'
  ...
# Subtest: security: trusted provider receipt cannot relabel world, capability or result status
ok 158 - security: trusted provider receipt cannot relabel world, capability or result status
  ---
  duration_ms: 1246.32
  type: 'test'
  ...
# Subtest: security: authority-issued source node binding cannot be replaced by the subject
ok 159 - security: authority-issued source node binding cannot be replaced by the subject
  ---
  duration_ms: 1141.53
  type: 'test'
  ...
# Subtest: security: signed slow requests have a hard concurrency bound and forged senders never invoke handlers
ok 160 - security: signed slow requests have a hard concurrency bound and forged senders never invoke handlers
  ---
  duration_ms: 18.4465
  type: 'test'
  ...
# Subtest: security: request timeout cancels a bandwidth-delayed UDP transmission
ok 161 - security: request timeout cancels a bandwidth-delayed UDP transmission
  ---
  duration_ms: 105.8736
  type: 'test'
  ...
# Subtest: security: forwarding rejects skipped ingress hops, cycles, unknown edges and tampering
ok 162 - security: forwarding rejects skipped ingress hops, cycles, unknown edges and tampering
  ---
  duration_ms: 595.9621
  type: 'test'
  ...
# Subtest: all ten shared projections validate real signed runtime data with Python jsonschema and reject malformed fields
ok 163 - all ten shared projections validate real signed runtime data with Python jsonschema and reject malformed fields
  ---
  duration_ms: 11421.7211
  type: 'test'
  ...
# {"engine":"python-jsonschema-Draft202012Validator","positiveRuntimeObjects":10,"malformedRejections":11,"directory":"C:\\\\Users\\\\User\\\\.codex\\\\.chatgpt-projects\\\\g-p-6a437af98cc08191af8185180f66b55e\\\\work\\\\TaoWind-Next-Internet\\\\.runs\\\\shared-ir\\\\run-qUqWje"}
# Subtest: protocol registry distinguishes bounded implemented behaviors from all sixteen roadmap domains
ok 164 - protocol registry distinguishes bounded implemented behaviors from all sixteen roadmap domains
  ---
  duration_ms: 4.3266
  type: 'test'
  ...
# Subtest: subject and capability addresses round-trip
ok 165 - subject and capability addresses round-trip
  ---
  duration_ms: 1.3701
  type: 'test'
  ...
# Subtest: node directory discovers compatible capability and expires stale nodes
ok 166 - node directory discovers compatible capability and expires stale nodes
  ---
  duration_ms: 1.8109
  type: 'test'
  ...
# Subtest: route graph selects lower-cost multi-hop path
ok 167 - route graph selects lower-cost multi-hop path
  ---
  duration_ms: 0.8799
  type: 'test'
  ...
# Subtest: forward envelope is fail-closed on wrong hop and decrements ttl
ok 168 - forward envelope is fail-closed on wrong hop and decrements ttl
  ---
  duration_ms: 0.6821
  type: 'test'
  ...
# Subtest: security provider registry rejects non-production-safe profile
ok 169 - security provider registry rejects non-production-safe profile
  ---
  duration_ms: 0.2221
  type: 'test'
  ...
# Subtest: transport provider registry selects by predicate
ok 170 - transport provider registry selects by predicate
  ---
  duration_ms: 0.122
  type: 'test'
  ...
# Subtest: session migration preserves subjects, authority and receipt continuity anchor
ok 171 - session migration preserves subjects, authority and receipt continuity anchor
  ---
  duration_ms: 0.9666
  type: 'test'
  ...
# Subtest: OPP CHP bridge emits schema-compatible offer shape and deterministic agreement
ok 172 - OPP CHP bridge emits schema-compatible offer shape and deterministic agreement
  ---
  duration_ms: 0.4833
  type: 'test'
  ...
# Subtest: three real UDP localhost nodes forward one TINP frame across two hops
ok 173 - three real UDP localhost nodes forward one TINP frame across two hops
  ---
  duration_ms: 35.5842
  type: 'test'
  ...
# Subtest: wire frame round-trips with fixed header
ok 174 - wire frame round-trips with fixed header
  ---
  duration_ms: 2.0297
  type: 'test'
  ...
# Subtest: wire corruption is fail-closed
ok 175 - wire corruption is fail-closed
  ---
  duration_ms: 0.444
  type: 'test'
  ...
# Subtest: authority negotiation never expands beyond intersection
ok 176 - authority negotiation never expands beyond intersection
  ---
  duration_ms: 1.7805
  type: 'test'
  ...
# Subtest: capability router picks highest-priority compatible provider
ok 177 - capability router picks highest-priority compatible provider
  ---
  duration_ms: 0.4165
  type: 'test'
  ...
# Subtest: unroutable capability fails closed
ok 178 - unroutable capability fails closed
  ---
  duration_ms: 0.3549
  type: 'test'
  ...
# Subtest: intent executes and creates evidence-chained receipt
ok 179 - intent executes and creates evidence-chained receipt
  ---
  duration_ms: 1.1401
  type: 'test'
  ...
# Subtest: payload cannot select executable/provider or grant authority
ok 180 - payload cannot select executable/provider or grant authority
  ---
  duration_ms: 0.7403
  type: 'test'
  ...
# Subtest: wrong subject cannot use session
ok 181 - wrong subject cannot use session
  ---
  duration_ms: 0.4352
  type: 'test'
  ...
# Subtest: revocation immediately invalidates session
ok 182 - revocation immediately invalidates session
  ---
  duration_ms: 0.4026
  type: 'test'
  ...
# Subtest: production session refuses none-test security profile
ok 183 - production session refuses none-test security profile
  ---
  duration_ms: 0.3029
  type: 'test'
  ...
# Subtest: OPP CHP projection preserves TINP capability and authority declarations without granting authority
ok 184 - OPP CHP projection preserves TINP capability and authority declarations without granting authority
  ---
  duration_ms: 0.3579
  type: 'test'
  ...
# Subtest: RNR state packet can be carried as a named payload profile
ok 185 - RNR state packet can be carried as a named payload profile
  ---
  duration_ms: 0.1547
  type: 'test'
  ...
# Subtest: UDP reference transport performs real localhost wire round-trip
ok 186 - UDP reference transport performs real localhost wire round-trip
  ---
  duration_ms: 39.0166
  type: 'test'
  ...
1..186
# tests 186
# suites 0
# pass 186
# fail 0
# cancelled 0
# skipped 0
# todo 0
# duration_ms 892240.7343
